<?xml version="1.0" encoding="ISO-8859-1" ?>
<link_info>
   <banner>TI ARM Linker PC v20.2.6.LTS</banner>
   <copyright>Copyright (c) 1996-2018 Texas Instruments Incorporated</copyright>
   <link_time>0x64788ede</link_time>
   <link_errors>0x0</link_errors>
   <output_file>EmbeddedProject.out</output_file>
   <entry_point>
      <name>_c_int00_noargs</name>
      <address>0x3665</address>
   </entry_point>
   <input_file_list>
      <input_file id="fl-2">
         <path>.\</path>
         <kind>object</kind>
         <file>Clock.obj</file>
         <name>Clock.obj</name>
      </input_file>
      <input_file id="fl-3">
         <path>.\</path>
         <kind>object</kind>
         <file>main.obj</file>
         <name>main.obj</name>
      </input_file>
      <input_file id="fl-4">
         <path>.\</path>
         <kind>object</kind>
         <file>startup_msp432p401r_ccs.obj</file>
         <name>startup_msp432p401r_ccs.obj</name>
      </input_file>
      <input_file id="fl-5">
         <path>.\</path>
         <kind>object</kind>
         <file>system_msp432p401r.obj</file>
         <name>system_msp432p401r.obj</name>
      </input_file>
      <input_file id="fl-9">
         <kind>object</kind>
         <file>&lt;internal&gt;</file>
         <name>&lt;internal&gt;</name>
      </input_file>
      <input_file id="fl-bf">
         <path>C:\ti\ccs1200\ccs\tools\compiler\ti-cgt-arm_20.2.6.LTS\lib\</path>
         <kind>archive</kind>
         <file>rtsv7M4_T_le_v4SPD16_eabi.lib</file>
         <name>printf.c.obj</name>
      </input_file>
      <input_file id="fl-c0">
         <path>C:\ti\ccs1200\ccs\tools\compiler\ti-cgt-arm_20.2.6.LTS\lib\</path>
         <kind>archive</kind>
         <file>rtsv7M4_T_le_v4SPD16_eabi.lib</file>
         <name>_printfi.c.obj</name>
      </input_file>
      <input_file id="fl-c1">
         <path>C:\ti\ccs1200\ccs\tools\compiler\ti-cgt-arm_20.2.6.LTS\lib\</path>
         <kind>archive</kind>
         <file>rtsv7M4_T_le_v4SPD16_eabi.lib</file>
         <name>fputc.c.obj</name>
      </input_file>
      <input_file id="fl-c2">
         <path>C:\ti\ccs1200\ccs\tools\compiler\ti-cgt-arm_20.2.6.LTS\lib\</path>
         <kind>archive</kind>
         <file>rtsv7M4_T_le_v4SPD16_eabi.lib</file>
         <name>fputs.c.obj</name>
      </input_file>
      <input_file id="fl-c3">
         <path>C:\ti\ccs1200\ccs\tools\compiler\ti-cgt-arm_20.2.6.LTS\lib\</path>
         <kind>archive</kind>
         <file>rtsv7M4_T_le_v4SPD16_eabi.lib</file>
         <name>_io_perm.c.obj</name>
      </input_file>
      <input_file id="fl-c4">
         <path>C:\ti\ccs1200\ccs\tools\compiler\ti-cgt-arm_20.2.6.LTS\lib\</path>
         <kind>archive</kind>
         <file>rtsv7M4_T_le_v4SPD16_eabi.lib</file>
         <name>setvbuf.c.obj</name>
      </input_file>
      <input_file id="fl-c5">
         <path>C:\ti\ccs1200\ccs\tools\compiler\ti-cgt-arm_20.2.6.LTS\lib\</path>
         <kind>archive</kind>
         <file>rtsv7M4_T_le_v4SPD16_eabi.lib</file>
         <name>fd_add_t2.asm.obj</name>
      </input_file>
      <input_file id="fl-c6">
         <path>C:\ti\ccs1200\ccs\tools\compiler\ti-cgt-arm_20.2.6.LTS\lib\</path>
         <kind>archive</kind>
         <file>rtsv7M4_T_le_v4SPD16_eabi.lib</file>
         <name>fd_cmp_t2.asm.obj</name>
      </input_file>
      <input_file id="fl-c7">
         <path>C:\ti\ccs1200\ccs\tools\compiler\ti-cgt-arm_20.2.6.LTS\lib\</path>
         <kind>archive</kind>
         <file>rtsv7M4_T_le_v4SPD16_eabi.lib</file>
         <name>fd_div_t2.asm.obj</name>
      </input_file>
      <input_file id="fl-c8">
         <path>C:\ti\ccs1200\ccs\tools\compiler\ti-cgt-arm_20.2.6.LTS\lib\</path>
         <kind>archive</kind>
         <file>rtsv7M4_T_le_v4SPD16_eabi.lib</file>
         <name>fd_mul_t2.asm.obj</name>
      </input_file>
      <input_file id="fl-c9">
         <path>C:\ti\ccs1200\ccs\tools\compiler\ti-cgt-arm_20.2.6.LTS\lib\</path>
         <kind>archive</kind>
         <file>rtsv7M4_T_le_v4SPD16_eabi.lib</file>
         <name>fd_toi_t2.asm.obj</name>
      </input_file>
      <input_file id="fl-ca">
         <path>C:\ti\ccs1200\ccs\tools\compiler\ti-cgt-arm_20.2.6.LTS\lib\</path>
         <kind>archive</kind>
         <file>rtsv7M4_T_le_v4SPD16_eabi.lib</file>
         <name>i_tofd_t2.asm.obj</name>
      </input_file>
      <input_file id="fl-cb">
         <path>C:\ti\ccs1200\ccs\tools\compiler\ti-cgt-arm_20.2.6.LTS\lib\</path>
         <kind>archive</kind>
         <file>rtsv7M4_T_le_v4SPD16_eabi.lib</file>
         <name>memcpy_t2.asm.obj</name>
      </input_file>
      <input_file id="fl-cc">
         <path>C:\ti\ccs1200\ccs\tools\compiler\ti-cgt-arm_20.2.6.LTS\lib\</path>
         <kind>archive</kind>
         <file>rtsv7M4_T_le_v4SPD16_eabi.lib</file>
         <name>memset_t2.asm.obj</name>
      </input_file>
      <input_file id="fl-cd">
         <path>C:\ti\ccs1200\ccs\tools\compiler\ti-cgt-arm_20.2.6.LTS\lib\</path>
         <kind>archive</kind>
         <file>rtsv7M4_T_le_v4SPD16_eabi.lib</file>
         <name>ull_div_t2.asm.obj</name>
      </input_file>
      <input_file id="fl-ce">
         <path>C:\ti\ccs1200\ccs\tools\compiler\ti-cgt-arm_20.2.6.LTS\lib\</path>
         <kind>archive</kind>
         <file>rtsv7M4_T_le_v4SPD16_eabi.lib</file>
         <name>copy_zero_init.c.obj</name>
      </input_file>
      <input_file id="fl-cf">
         <path>C:\ti\ccs1200\ccs\tools\compiler\ti-cgt-arm_20.2.6.LTS\lib\</path>
         <kind>archive</kind>
         <file>rtsv7M4_T_le_v4SPD16_eabi.lib</file>
         <name>copy_decompress_none.c.obj</name>
      </input_file>
      <input_file id="fl-d0">
         <path>C:\ti\ccs1200\ccs\tools\compiler\ti-cgt-arm_20.2.6.LTS\lib\</path>
         <kind>archive</kind>
         <file>rtsv7M4_T_le_v4SPD16_eabi.lib</file>
         <name>copy_decompress_lzss.c.obj</name>
      </input_file>
      <input_file id="fl-d1">
         <path>C:\ti\ccs1200\ccs\tools\compiler\ti-cgt-arm_20.2.6.LTS\lib\</path>
         <kind>archive</kind>
         <file>rtsv7M4_T_le_v4SPD16_eabi.lib</file>
         <name>exit.c.obj</name>
      </input_file>
      <input_file id="fl-d2">
         <path>C:\ti\ccs1200\ccs\tools\compiler\ti-cgt-arm_20.2.6.LTS\lib\</path>
         <kind>archive</kind>
         <file>rtsv7M4_T_le_v4SPD16_eabi.lib</file>
         <name>_lock.c.obj</name>
      </input_file>
      <input_file id="fl-d3">
         <path>C:\ti\ccs1200\ccs\tools\compiler\ti-cgt-arm_20.2.6.LTS\lib\</path>
         <kind>archive</kind>
         <file>rtsv7M4_T_le_v4SPD16_eabi.lib</file>
         <name>_ltoa.c.obj</name>
      </input_file>
      <input_file id="fl-d4">
         <path>C:\ti\ccs1200\ccs\tools\compiler\ti-cgt-arm_20.2.6.LTS\lib\</path>
         <kind>archive</kind>
         <file>rtsv7M4_T_le_v4SPD16_eabi.lib</file>
         <name>atoi.c.obj</name>
      </input_file>
      <input_file id="fl-d5">
         <path>C:\ti\ccs1200\ccs\tools\compiler\ti-cgt-arm_20.2.6.LTS\lib\</path>
         <kind>archive</kind>
         <file>rtsv7M4_T_le_v4SPD16_eabi.lib</file>
         <name>ctype.c.obj</name>
      </input_file>
      <input_file id="fl-d6">
         <path>C:\ti\ccs1200\ccs\tools\compiler\ti-cgt-arm_20.2.6.LTS\lib\</path>
         <kind>archive</kind>
         <file>rtsv7M4_T_le_v4SPD16_eabi.lib</file>
         <name>defs.c.obj</name>
      </input_file>
      <input_file id="fl-d7">
         <path>C:\ti\ccs1200\ccs\tools\compiler\ti-cgt-arm_20.2.6.LTS\lib\</path>
         <kind>archive</kind>
         <file>rtsv7M4_T_le_v4SPD16_eabi.lib</file>
         <name>memccpy.c.obj</name>
      </input_file>
      <input_file id="fl-d8">
         <path>C:\ti\ccs1200\ccs\tools\compiler\ti-cgt-arm_20.2.6.LTS\lib\</path>
         <kind>archive</kind>
         <file>rtsv7M4_T_le_v4SPD16_eabi.lib</file>
         <name>memchr.c.obj</name>
      </input_file>
      <input_file id="fl-d9">
         <path>C:\ti\ccs1200\ccs\tools\compiler\ti-cgt-arm_20.2.6.LTS\lib\</path>
         <kind>archive</kind>
         <file>rtsv7M4_T_le_v4SPD16_eabi.lib</file>
         <name>memory.c.obj</name>
      </input_file>
      <input_file id="fl-da">
         <path>C:\ti\ccs1200\ccs\tools\compiler\ti-cgt-arm_20.2.6.LTS\lib\</path>
         <kind>archive</kind>
         <file>rtsv7M4_T_le_v4SPD16_eabi.lib</file>
         <name>strchr.c.obj</name>
      </input_file>
      <input_file id="fl-db">
         <path>C:\ti\ccs1200\ccs\tools\compiler\ti-cgt-arm_20.2.6.LTS\lib\</path>
         <kind>archive</kind>
         <file>rtsv7M4_T_le_v4SPD16_eabi.lib</file>
         <name>strlen.c.obj</name>
      </input_file>
      <input_file id="fl-dc">
         <path>C:\ti\ccs1200\ccs\tools\compiler\ti-cgt-arm_20.2.6.LTS\lib\</path>
         <kind>archive</kind>
         <file>rtsv7M4_T_le_v4SPD16_eabi.lib</file>
         <name>write.c.obj</name>
      </input_file>
      <input_file id="fl-dd">
         <path>C:\ti\ccs1200\ccs\tools\compiler\ti-cgt-arm_20.2.6.LTS\lib\</path>
         <kind>archive</kind>
         <file>rtsv7M4_T_le_v4SPD16_eabi.lib</file>
         <name>host_device.c.obj</name>
      </input_file>
      <input_file id="fl-de">
         <path>C:\ti\ccs1200\ccs\tools\compiler\ti-cgt-arm_20.2.6.LTS\lib\</path>
         <kind>archive</kind>
         <file>rtsv7M4_T_le_v4SPD16_eabi.lib</file>
         <name>errno.c.obj</name>
      </input_file>
      <input_file id="fl-df">
         <path>C:\ti\ccs1200\ccs\tools\compiler\ti-cgt-arm_20.2.6.LTS\lib\</path>
         <kind>archive</kind>
         <file>rtsv7M4_T_le_v4SPD16_eabi.lib</file>
         <name>boot_cortex_m.c.obj</name>
      </input_file>
      <input_file id="fl-e0">
         <path>C:\ti\ccs1200\ccs\tools\compiler\ti-cgt-arm_20.2.6.LTS\lib\</path>
         <kind>archive</kind>
         <file>rtsv7M4_T_le_v4SPD16_eabi.lib</file>
         <name>s_frexp.c.obj</name>
      </input_file>
      <input_file id="fl-e1">
         <path>C:\ti\ccs1200\ccs\tools\compiler\ti-cgt-arm_20.2.6.LTS\lib\</path>
         <kind>archive</kind>
         <file>rtsv7M4_T_le_v4SPD16_eabi.lib</file>
         <name>s_scalbn.c.obj</name>
      </input_file>
      <input_file id="fl-e2">
         <path>C:\ti\ccs1200\ccs\tools\compiler\ti-cgt-arm_20.2.6.LTS\lib\</path>
         <kind>archive</kind>
         <file>rtsv7M4_T_le_v4SPD16_eabi.lib</file>
         <name>s_copysign.c.obj</name>
      </input_file>
      <input_file id="fl-e3">
         <path>C:\ti\ccs1200\ccs\tools\compiler\ti-cgt-arm_20.2.6.LTS\lib\</path>
         <kind>archive</kind>
         <file>rtsv7M4_T_le_v4SPD16_eabi.lib</file>
         <name>wcslen.c.obj</name>
      </input_file>
      <input_file id="fl-e4">
         <path>C:\ti\ccs1200\ccs\tools\compiler\ti-cgt-arm_20.2.6.LTS\lib\</path>
         <kind>archive</kind>
         <file>rtsv7M4_T_le_v4SPD16_eabi.lib</file>
         <name>fflush.c.obj</name>
      </input_file>
      <input_file id="fl-e5">
         <path>C:\ti\ccs1200\ccs\tools\compiler\ti-cgt-arm_20.2.6.LTS\lib\</path>
         <kind>archive</kind>
         <file>rtsv7M4_T_le_v4SPD16_eabi.lib</file>
         <name>fopen.c.obj</name>
      </input_file>
      <input_file id="fl-e6">
         <path>C:\ti\ccs1200\ccs\tools\compiler\ti-cgt-arm_20.2.6.LTS\lib\</path>
         <kind>archive</kind>
         <file>rtsv7M4_T_le_v4SPD16_eabi.lib</file>
         <name>fseek.c.obj</name>
      </input_file>
      <input_file id="fl-e7">
         <path>C:\ti\ccs1200\ccs\tools\compiler\ti-cgt-arm_20.2.6.LTS\lib\</path>
         <kind>archive</kind>
         <file>rtsv7M4_T_le_v4SPD16_eabi.lib</file>
         <name>div0.asm.obj</name>
      </input_file>
      <input_file id="fl-e8">
         <path>C:\ti\ccs1200\ccs\tools\compiler\ti-cgt-arm_20.2.6.LTS\lib\</path>
         <kind>archive</kind>
         <file>rtsv7M4_T_le_v4SPD16_eabi.lib</file>
         <name>autoinit.c.obj</name>
      </input_file>
      <input_file id="fl-e9">
         <path>C:\ti\ccs1200\ccs\tools\compiler\ti-cgt-arm_20.2.6.LTS\lib\</path>
         <kind>archive</kind>
         <file>rtsv7M4_T_le_v4SPD16_eabi.lib</file>
         <name>pre_init.c.obj</name>
      </input_file>
      <input_file id="fl-ea">
         <path>C:\ti\ccs1200\ccs\tools\compiler\ti-cgt-arm_20.2.6.LTS\lib\</path>
         <kind>archive</kind>
         <file>rtsv7M4_T_le_v4SPD16_eabi.lib</file>
         <name>cpy_tbl.c.obj</name>
      </input_file>
      <input_file id="fl-eb">
         <path>C:\ti\ccs1200\ccs\tools\compiler\ti-cgt-arm_20.2.6.LTS\lib\</path>
         <kind>archive</kind>
         <file>rtsv7M4_T_le_v4SPD16_eabi.lib</file>
         <name>args_main.c.obj</name>
      </input_file>
      <input_file id="fl-ec">
         <path>C:\ti\ccs1200\ccs\tools\compiler\ti-cgt-arm_20.2.6.LTS\lib\</path>
         <kind>archive</kind>
         <file>rtsv7M4_T_le_v4SPD16_eabi.lib</file>
         <name>hostclose.c.obj</name>
      </input_file>
      <input_file id="fl-ed">
         <path>C:\ti\ccs1200\ccs\tools\compiler\ti-cgt-arm_20.2.6.LTS\lib\</path>
         <kind>archive</kind>
         <file>rtsv7M4_T_le_v4SPD16_eabi.lib</file>
         <name>hostlseek.c.obj</name>
      </input_file>
      <input_file id="fl-ee">
         <path>C:\ti\ccs1200\ccs\tools\compiler\ti-cgt-arm_20.2.6.LTS\lib\</path>
         <kind>archive</kind>
         <file>rtsv7M4_T_le_v4SPD16_eabi.lib</file>
         <name>hostopen.c.obj</name>
      </input_file>
      <input_file id="fl-ef">
         <path>C:\ti\ccs1200\ccs\tools\compiler\ti-cgt-arm_20.2.6.LTS\lib\</path>
         <kind>archive</kind>
         <file>rtsv7M4_T_le_v4SPD16_eabi.lib</file>
         <name>hostread.c.obj</name>
      </input_file>
      <input_file id="fl-f0">
         <path>C:\ti\ccs1200\ccs\tools\compiler\ti-cgt-arm_20.2.6.LTS\lib\</path>
         <kind>archive</kind>
         <file>rtsv7M4_T_le_v4SPD16_eabi.lib</file>
         <name>hostrename.c.obj</name>
      </input_file>
      <input_file id="fl-f1">
         <path>C:\ti\ccs1200\ccs\tools\compiler\ti-cgt-arm_20.2.6.LTS\lib\</path>
         <kind>archive</kind>
         <file>rtsv7M4_T_le_v4SPD16_eabi.lib</file>
         <name>hostunlink.c.obj</name>
      </input_file>
      <input_file id="fl-f2">
         <path>C:\ti\ccs1200\ccs\tools\compiler\ti-cgt-arm_20.2.6.LTS\lib\</path>
         <kind>archive</kind>
         <file>rtsv7M4_T_le_v4SPD16_eabi.lib</file>
         <name>hostwrite.c.obj</name>
      </input_file>
      <input_file id="fl-f3">
         <path>C:\ti\ccs1200\ccs\tools\compiler\ti-cgt-arm_20.2.6.LTS\lib\</path>
         <kind>archive</kind>
         <file>rtsv7M4_T_le_v4SPD16_eabi.lib</file>
         <name>trgmsg.c.obj</name>
      </input_file>
      <input_file id="fl-f4">
         <path>C:\ti\ccs1200\ccs\tools\compiler\ti-cgt-arm_20.2.6.LTS\lib\</path>
         <kind>archive</kind>
         <file>rtsv7M4_T_le_v4SPD16_eabi.lib</file>
         <name>open.c.obj</name>
      </input_file>
      <input_file id="fl-f5">
         <path>C:\ti\ccs1200\ccs\tools\compiler\ti-cgt-arm_20.2.6.LTS\lib\</path>
         <kind>archive</kind>
         <file>rtsv7M4_T_le_v4SPD16_eabi.lib</file>
         <name>lseek.c.obj</name>
      </input_file>
      <input_file id="fl-f6">
         <path>C:\ti\ccs1200\ccs\tools\compiler\ti-cgt-arm_20.2.6.LTS\lib\</path>
         <kind>archive</kind>
         <file>rtsv7M4_T_le_v4SPD16_eabi.lib</file>
         <name>fclose.c.obj</name>
      </input_file>
      <input_file id="fl-f7">
         <path>C:\ti\ccs1200\ccs\tools\compiler\ti-cgt-arm_20.2.6.LTS\lib\</path>
         <kind>archive</kind>
         <file>rtsv7M4_T_le_v4SPD16_eabi.lib</file>
         <name>getdevice.c.obj</name>
      </input_file>
      <input_file id="fl-f8">
         <path>C:\ti\ccs1200\ccs\tools\compiler\ti-cgt-arm_20.2.6.LTS\lib\</path>
         <kind>archive</kind>
         <file>rtsv7M4_T_le_v4SPD16_eabi.lib</file>
         <name>strcmp.c.obj</name>
      </input_file>
      <input_file id="fl-f9">
         <path>C:\ti\ccs1200\ccs\tools\compiler\ti-cgt-arm_20.2.6.LTS\lib\</path>
         <kind>archive</kind>
         <file>rtsv7M4_T_le_v4SPD16_eabi.lib</file>
         <name>strcpy.c.obj</name>
      </input_file>
      <input_file id="fl-fa">
         <path>C:\ti\ccs1200\ccs\tools\compiler\ti-cgt-arm_20.2.6.LTS\lib\</path>
         <kind>archive</kind>
         <file>rtsv7M4_T_le_v4SPD16_eabi.lib</file>
         <name>strncpy.c.obj</name>
      </input_file>
      <input_file id="fl-fb">
         <path>C:\ti\ccs1200\ccs\tools\compiler\ti-cgt-arm_20.2.6.LTS\lib\</path>
         <kind>archive</kind>
         <file>rtsv7M4_T_le_v4SPD16_eabi.lib</file>
         <name>remove.c.obj</name>
      </input_file>
      <input_file id="fl-fc">
         <path>C:\ti\ccs1200\ccs\tools\compiler\ti-cgt-arm_20.2.6.LTS\lib\</path>
         <kind>archive</kind>
         <file>rtsv7M4_T_le_v4SPD16_eabi.lib</file>
         <name>close.c.obj</name>
      </input_file>
      <input_file id="fl-fd">
         <path>C:\ti\ccs1200\ccs\tools\compiler\ti-cgt-arm_20.2.6.LTS\lib\</path>
         <kind>archive</kind>
         <file>rtsv7M4_T_le_v4SPD16_eabi.lib</file>
         <name>unlink.c.obj</name>
      </input_file>
   </input_file_list>
   <object_component_list>
      <object_component id="oc-26">
         <name>.intvecs:retain</name>
         <load_address>0x0</load_address>
         <run_address>0x0</run_address>
         <size>0xe4</size>
         <input_file_ref idref="fl-4"/>
      </object_component>
      <object_component id="oc-139">
         <name>.text:__TI_printfi</name>
         <load_address>0xe4</load_address>
         <run_address>0xe4</run_address>
         <size>0xa4e</size>
         <input_file_ref idref="fl-c0"/>
      </object_component>
      <object_component id="oc-1da">
         <name>.text:_nop</name>
         <load_address>0xb32</load_address>
         <run_address>0xb32</run_address>
         <size>0x2</size>
         <input_file_ref idref="fl-d2"/>
      </object_component>
      <object_component id="oc-70">
         <name>.text</name>
         <load_address>0xb34</load_address>
         <run_address>0xb34</run_address>
         <size>0x8d8</size>
         <input_file_ref idref="fl-3"/>
      </object_component>
      <object_component id="oc-ac">
         <name>.text</name>
         <load_address>0x140c</load_address>
         <run_address>0x140c</run_address>
         <size>0x334</size>
         <input_file_ref idref="fl-5"/>
      </object_component>
      <object_component id="oc-1b6">
         <name>.text:_pconv_a</name>
         <load_address>0x1740</load_address>
         <run_address>0x1740</run_address>
         <size>0x270</size>
         <input_file_ref idref="fl-c0"/>
      </object_component>
      <object_component id="oc-b9">
         <name>.text</name>
         <load_address>0x19b0</load_address>
         <run_address>0x19b0</run_address>
         <size>0x1e0</size>
         <input_file_ref idref="fl-2"/>
      </object_component>
      <object_component id="oc-1a4">
         <name>.text:_pconv_g</name>
         <load_address>0x1b90</load_address>
         <run_address>0x1b90</run_address>
         <size>0x1d0</size>
         <input_file_ref idref="fl-c0"/>
      </object_component>
      <object_component id="oc-24a">
         <name>.text</name>
         <load_address>0x1d60</load_address>
         <run_address>0x1d60</run_address>
         <size>0x1b6</size>
         <input_file_ref idref="fl-c5"/>
      </object_component>
      <object_component id="oc-2d0">
         <name>.text</name>
         <load_address>0x1f16</load_address>
         <run_address>0x1f16</run_address>
         <size>0x2</size>
         <input_file_ref idref="fl-e7"/>
      </object_component>
      <object_component id="oc-1b0">
         <name>.text:_pconv_e</name>
         <load_address>0x1f18</load_address>
         <run_address>0x1f18</run_address>
         <size>0x13c</size>
         <input_file_ref idref="fl-c0"/>
      </object_component>
      <object_component id="oc-230">
         <name>.text</name>
         <load_address>0x2054</load_address>
         <run_address>0x2054</run_address>
         <size>0x136</size>
         <input_file_ref idref="fl-c7"/>
      </object_component>
      <object_component id="oc-25c">
         <name>.text:fcvt</name>
         <load_address>0x218c</load_address>
         <run_address>0x218c</run_address>
         <size>0x124</size>
         <input_file_ref idref="fl-c0"/>
      </object_component>
      <object_component id="oc-1e8">
         <name>.text:fputs</name>
         <load_address>0x22b0</load_address>
         <run_address>0x22b0</run_address>
         <size>0x114</size>
         <input_file_ref idref="fl-c2"/>
      </object_component>
      <object_component id="oc-270">
         <name>.text:scalbn</name>
         <load_address>0x23c4</load_address>
         <run_address>0x23c4</run_address>
         <size>0x110</size>
         <input_file_ref idref="fl-e1"/>
      </object_component>
      <object_component id="oc-37b">
         <name>.text:aligned_alloc</name>
         <load_address>0x24d4</load_address>
         <run_address>0x24d4</run_address>
         <size>0x100</size>
         <input_file_ref idref="fl-d9"/>
      </object_component>
      <object_component id="oc-22b">
         <name>.text</name>
         <load_address>0x25d4</load_address>
         <run_address>0x25d4</run_address>
         <size>0xfc</size>
         <input_file_ref idref="fl-c8"/>
      </object_component>
      <object_component id="oc-339">
         <name>.text:free</name>
         <load_address>0x26d0</load_address>
         <run_address>0x26d0</run_address>
         <size>0xe4</size>
         <input_file_ref idref="fl-d9"/>
      </object_component>
      <object_component id="oc-30b">
         <name>.text:setvbuf</name>
         <load_address>0x27b4</load_address>
         <run_address>0x27b4</run_address>
         <size>0xdc</size>
         <input_file_ref idref="fl-c4"/>
      </object_component>
      <object_component id="oc-199">
         <name>.text:_ltostr</name>
         <load_address>0x2890</load_address>
         <run_address>0x2890</run_address>
         <size>0xb1</size>
         <input_file_ref idref="fl-c0"/>
      </object_component>
      <object_component id="oc-3a">
         <name>.text</name>
         <load_address>0x2942</load_address>
         <run_address>0x2942</run_address>
         <size>0x9c</size>
         <input_file_ref idref="fl-cb"/>
      </object_component>
      <object_component id="oc-224">
         <name>.text</name>
         <load_address>0x29de</load_address>
         <run_address>0x29de</run_address>
         <size>0x96</size>
         <input_file_ref idref="fl-cd"/>
      </object_component>
      <object_component id="oc-1ef">
         <name>.text:fputc</name>
         <load_address>0x2a74</load_address>
         <run_address>0x2a74</run_address>
         <size>0x8c</size>
         <input_file_ref idref="fl-c1"/>
      </object_component>
      <object_component id="oc-19f">
         <name>.text:__aeabi_cdcmple</name>
         <load_address>0x2b00</load_address>
         <run_address>0x2b00</run_address>
         <size>0x86</size>
         <input_file_ref idref="fl-c6"/>
      </object_component>
      <object_component id="oc-235">
         <name>.text:__aeabi_cdrcmple</name>
         <load_address>0x2b86</load_address>
         <run_address>0x2b86</run_address>
         <size>0x86</size>
         <input_file_ref idref="fl-c6"/>
      </object_component>
      <object_component id="oc-94">
         <name>.text</name>
         <load_address>0x2c0c</load_address>
         <run_address>0x2c0c</run_address>
         <size>0x7a</size>
         <input_file_ref idref="fl-cc"/>
      </object_component>
      <object_component id="oc-382">
         <name>.text:__TI_closefile</name>
         <load_address>0x2c88</load_address>
         <run_address>0x2c88</run_address>
         <size>0x74</size>
         <input_file_ref idref="fl-f6"/>
      </object_component>
      <object_component id="oc-3c3">
         <name>.text:split</name>
         <load_address>0x2cfc</load_address>
         <run_address>0x2cfc</run_address>
         <size>0x70</size>
         <input_file_ref idref="fl-d9"/>
      </object_component>
      <object_component id="oc-255">
         <name>.text:_mcpy</name>
         <load_address>0x2d6c</load_address>
         <run_address>0x2d6c</run_address>
         <size>0x6e</size>
         <input_file_ref idref="fl-c0"/>
      </object_component>
      <object_component id="oc-3b2">
         <name>.text:HOSTrename</name>
         <load_address>0x2ddc</load_address>
         <run_address>0x2ddc</run_address>
         <size>0x6c</size>
         <input_file_ref idref="fl-f0"/>
      </object_component>
      <object_component id="oc-3a6">
         <name>.text:HOSTlseek</name>
         <load_address>0x2e48</load_address>
         <run_address>0x2e48</run_address>
         <size>0x68</size>
         <input_file_ref idref="fl-ed"/>
      </object_component>
      <object_component id="oc-17">
         <name>.text:decompress:lzss:__TI_decompress_lzss</name>
         <load_address>0x2eb0</load_address>
         <run_address>0x2eb0</run_address>
         <size>0x68</size>
         <input_file_ref idref="fl-d0"/>
      </object_component>
      <object_component id="oc-b3">
         <name>.text:printf</name>
         <load_address>0x2f18</load_address>
         <run_address>0x2f18</run_address>
         <size>0x68</size>
         <input_file_ref idref="fl-bf"/>
      </object_component>
      <object_component id="oc-26a">
         <name>.text:frexp</name>
         <load_address>0x2f80</load_address>
         <run_address>0x2f80</run_address>
         <size>0x64</size>
         <input_file_ref idref="fl-e0"/>
      </object_component>
      <object_component id="oc-305">
         <name>.text:fseek</name>
         <load_address>0x2fe4</load_address>
         <run_address>0x2fe4</run_address>
         <size>0x64</size>
         <input_file_ref idref="fl-e6"/>
      </object_component>
      <object_component id="oc-2a1">
         <name>.text:__TI_wrt_ok</name>
         <load_address>0x3048</load_address>
         <run_address>0x3048</run_address>
         <size>0x62</size>
         <input_file_ref idref="fl-c3"/>
      </object_component>
      <object_component id="oc-38e">
         <name>.text:HOSTopen</name>
         <load_address>0x30ac</load_address>
         <run_address>0x30ac</run_address>
         <size>0x60</size>
         <input_file_ref idref="fl-ee"/>
      </object_component>
      <object_component id="oc-3ca">
         <name>.text:close</name>
         <load_address>0x310c</load_address>
         <run_address>0x310c</run_address>
         <size>0x5c</size>
         <input_file_ref idref="fl-fc"/>
      </object_component>
      <object_component id="oc-39a">
         <name>.text:HOSTread</name>
         <load_address>0x3168</load_address>
         <run_address>0x3168</run_address>
         <size>0x58</size>
         <input_file_ref idref="fl-ef"/>
      </object_component>
      <object_component id="oc-3a0">
         <name>.text:HOSTwrite</name>
         <load_address>0x31c0</load_address>
         <run_address>0x31c0</run_address>
         <size>0x58</size>
         <input_file_ref idref="fl-f2"/>
      </object_component>
      <object_component id="oc-1aa">
         <name>.text:_pconv_f</name>
         <load_address>0x3218</load_address>
         <run_address>0x3218</run_address>
         <size>0x56</size>
         <input_file_ref idref="fl-c0"/>
      </object_component>
      <object_component id="oc-23f">
         <name>.text:__TI_ltoa</name>
         <load_address>0x326e</load_address>
         <run_address>0x326e</run_address>
         <size>0x54</size>
         <input_file_ref idref="fl-d3"/>
      </object_component>
      <object_component id="oc-24f">
         <name>.text:_ecpy</name>
         <load_address>0x32c2</load_address>
         <run_address>0x32c2</run_address>
         <size>0x52</size>
         <input_file_ref idref="fl-c0"/>
      </object_component>
      <object_component id="oc-2ad">
         <name>.text:__TI_doflush</name>
         <load_address>0x3314</load_address>
         <run_address>0x3314</run_address>
         <size>0x4c</size>
         <input_file_ref idref="fl-e4"/>
      </object_component>
      <object_component id="oc-193">
         <name>.text:atoi</name>
         <load_address>0x3360</load_address>
         <run_address>0x3360</run_address>
         <size>0x4c</size>
         <input_file_ref idref="fl-d4"/>
      </object_component>
      <object_component id="oc-fd">
         <name>.text:exit</name>
         <load_address>0x33ac</load_address>
         <run_address>0x33ac</run_address>
         <size>0x48</size>
         <input_file_ref idref="fl-d1"/>
      </object_component>
      <object_component id="oc-23a">
         <name>.text</name>
         <load_address>0x33f4</load_address>
         <run_address>0x33f4</run_address>
         <size>0x48</size>
         <input_file_ref idref="fl-c9"/>
      </object_component>
      <object_component id="oc-394">
         <name>.text:HOSTclose</name>
         <load_address>0x343c</load_address>
         <run_address>0x343c</run_address>
         <size>0x44</size>
         <input_file_ref idref="fl-ec"/>
      </object_component>
      <object_component id="oc-3ac">
         <name>.text:HOSTunlink</name>
         <load_address>0x3480</load_address>
         <run_address>0x3480</run_address>
         <size>0x44</size>
         <input_file_ref idref="fl-f1"/>
      </object_component>
      <object_component id="oc-103">
         <name>.text:__TI_auto_init_nobinit_nopinit:__TI_auto_init_nobinit_nopinit</name>
         <load_address>0x34c4</load_address>
         <run_address>0x34c4</run_address>
         <size>0x44</size>
         <input_file_ref idref="fl-e8"/>
      </object_component>
      <object_component id="oc-402">
         <name>.text:getdevice</name>
         <load_address>0x3508</load_address>
         <run_address>0x3508</run_address>
         <size>0x44</size>
         <input_file_ref idref="fl-f7"/>
      </object_component>
      <object_component id="oc-262">
         <name>.text:_fcpy</name>
         <load_address>0x354c</load_address>
         <run_address>0x354c</run_address>
         <size>0x3e</size>
         <input_file_ref idref="fl-c0"/>
      </object_component>
      <object_component id="oc-3db">
         <name>.text:__TI_writemsg</name>
         <load_address>0x358c</load_address>
         <run_address>0x358c</run_address>
         <size>0x38</size>
         <input_file_ref idref="fl-f3"/>
      </object_component>
      <object_component id="oc-424">
         <name>.text:strncpy</name>
         <load_address>0x35c4</load_address>
         <run_address>0x35c4</run_address>
         <size>0x36</size>
         <input_file_ref idref="fl-fa"/>
      </object_component>
      <object_component id="oc-345">
         <name>.text:__TI_cleanup</name>
         <load_address>0x35fc</load_address>
         <run_address>0x35fc</run_address>
         <size>0x34</size>
         <input_file_ref idref="fl-e5"/>
      </object_component>
      <object_component id="oc-3e1">
         <name>.text:__TI_readmsg</name>
         <load_address>0x3630</load_address>
         <run_address>0x3630</run_address>
         <size>0x34</size>
         <input_file_ref idref="fl-f3"/>
      </object_component>
      <object_component id="oc-58">
         <name>.text:_c_int00_noargs:_c_int00_noargs</name>
         <load_address>0x3664</load_address>
         <run_address>0x3664</run_address>
         <size>0x34</size>
         <input_file_ref idref="fl-df"/>
      </object_component>
      <object_component id="oc-42a">
         <name>.text:finddevice</name>
         <load_address>0x3698</load_address>
         <run_address>0x3698</run_address>
         <size>0x30</size>
         <input_file_ref idref="fl-f7"/>
      </object_component>
      <object_component id="oc-245">
         <name>.text</name>
         <load_address>0x36c8</load_address>
         <run_address>0x36c8</run_address>
         <size>0x2e</size>
         <input_file_ref idref="fl-ca"/>
      </object_component>
      <object_component id="oc-3d0">
         <name>.text:unlink</name>
         <load_address>0x36f8</load_address>
         <run_address>0x36f8</run_address>
         <size>0x2c</size>
         <input_file_ref idref="fl-fd"/>
      </object_component>
      <object_component id="oc-374">
         <name>.text:free_list_insert</name>
         <load_address>0x3724</load_address>
         <run_address>0x3724</run_address>
         <size>0x28</size>
         <input_file_ref idref="fl-d9"/>
      </object_component>
      <object_component id="oc-331">
         <name>.text:lseek</name>
         <load_address>0x374c</load_address>
         <run_address>0x374c</run_address>
         <size>0x28</size>
         <input_file_ref idref="fl-f5"/>
      </object_component>
      <object_component id="oc-2b3">
         <name>.text:write</name>
         <load_address>0x3774</load_address>
         <run_address>0x3774</run_address>
         <size>0x28</size>
         <input_file_ref idref="fl-dc"/>
      </object_component>
      <object_component id="oc-2a7">
         <name>.text:memchr</name>
         <load_address>0x379c</load_address>
         <run_address>0x379c</run_address>
         <size>0x20</size>
         <input_file_ref idref="fl-d8"/>
      </object_component>
      <object_component id="oc-46">
         <name>.text:decompress:ZI:__TI_zero_init_nomemset:__TI_zero_init_nomemset</name>
         <load_address>0x37bc</load_address>
         <run_address>0x37bc</run_address>
         <size>0x1c</size>
         <input_file_ref idref="fl-ce"/>
      </object_component>
      <object_component id="oc-36e">
         <name>.text:free_list_remove</name>
         <load_address>0x37d8</load_address>
         <run_address>0x37d8</run_address>
         <size>0x1c</size>
         <input_file_ref idref="fl-d9"/>
      </object_component>
      <object_component id="oc-1bc">
         <name>.text:memccpy</name>
         <load_address>0x37f4</load_address>
         <run_address>0x37f4</run_address>
         <size>0x1c</size>
         <input_file_ref idref="fl-d7"/>
      </object_component>
      <object_component id="oc-2e9">
         <name>.text:copysign</name>
         <load_address>0x3810</load_address>
         <run_address>0x3810</run_address>
         <size>0x1a</size>
         <input_file_ref idref="fl-e2"/>
      </object_component>
      <object_component id="oc-441">
         <name>.text:strcmp</name>
         <load_address>0x382a</load_address>
         <run_address>0x382a</run_address>
         <size>0x18</size>
         <input_file_ref idref="fl-f8"/>
      </object_component>
      <object_component id="oc-276">
         <name>.text:strchr</name>
         <load_address>0x3842</load_address>
         <run_address>0x3842</run_address>
         <size>0x16</size>
         <input_file_ref idref="fl-da"/>
      </object_component>
      <object_component id="oc-3f5">
         <name>.text:strcpy</name>
         <load_address>0x3858</load_address>
         <run_address>0x3858</run_address>
         <size>0x14</size>
         <input_file_ref idref="fl-f9"/>
      </object_component>
      <object_component id="oc-18d">
         <name>.text:strlen</name>
         <load_address>0x386c</load_address>
         <run_address>0x386c</run_address>
         <size>0x14</size>
         <input_file_ref idref="fl-db"/>
      </object_component>
      <object_component id="oc-1c2">
         <name>.text:wcslen</name>
         <load_address>0x3880</load_address>
         <run_address>0x3880</run_address>
         <size>0x12</size>
         <input_file_ref idref="fl-e3"/>
      </object_component>
      <object_component id="oc-1d">
         <name>.text:decompress:none:__TI_decompress_none</name>
         <load_address>0x3892</load_address>
         <run_address>0x3892</run_address>
         <size>0xe</size>
         <input_file_ref idref="fl-cf"/>
      </object_component>
      <object_component id="oc-6a">
         <name>.text</name>
         <load_address>0x38a0</load_address>
         <run_address>0x38a0</run_address>
         <size>0xe</size>
         <input_file_ref idref="fl-4"/>
      </object_component>
      <object_component id="oc-1c8">
         <name>.text:__aeabi_errno_addr</name>
         <load_address>0x38b0</load_address>
         <run_address>0x38b0</run_address>
         <size>0x8</size>
         <input_file_ref idref="fl-de"/>
      </object_component>
      <object_component id="oc-33f">
         <name>.text:malloc</name>
         <load_address>0x38b8</load_address>
         <run_address>0x38b8</run_address>
         <size>0x8</size>
         <input_file_ref idref="fl-d9"/>
      </object_component>
      <object_component id="oc-14b">
         <name>.text:_outc</name>
         <load_address>0x38c0</load_address>
         <run_address>0x38c0</run_address>
         <size>0x4</size>
         <input_file_ref idref="fl-bf"/>
      </object_component>
      <object_component id="oc-145">
         <name>.text:_outs</name>
         <load_address>0x38c4</load_address>
         <run_address>0x38c4</run_address>
         <size>0x4</size>
         <input_file_ref idref="fl-bf"/>
      </object_component>
      <object_component id="oc-9a">
         <name>.text:_system_pre_init</name>
         <load_address>0x38c8</load_address>
         <run_address>0x38c8</run_address>
         <size>0x4</size>
         <input_file_ref idref="fl-e9"/>
      </object_component>
      <object_component id="oc-f7">
         <name>.text:abort:abort</name>
         <load_address>0x38cc</load_address>
         <run_address>0x38cc</run_address>
         <size>0x4</size>
         <input_file_ref idref="fl-d1"/>
      </object_component>
      <object_component id="oc-21f">
         <name>.const:.string:_ctypes_</name>
         <load_address>0x38d0</load_address>
         <run_address>0x38d0</run_address>
         <size>0x101</size>
         <input_file_ref idref="fl-d5"/>
      </object_component>
      <object_component id="oc-481">
         <name>.cinit..data.load</name>
         <load_address>0x39d8</load_address>
         <run_address>0x39d8</run_address>
         <size>0x6c</size>
      </object_component>
      <object_component id="oc-47f">
         <name>__TI_handler_table</name>
         <load_address>0x3a44</load_address>
         <run_address>0x3a44</run_address>
         <size>0xc</size>
      </object_component>
      <object_component id="oc-482">
         <name>.cinit..bss.load</name>
         <load_address>0x3a50</load_address>
         <run_address>0x3a50</run_address>
         <size>0x8</size>
      </object_component>
      <object_component id="oc-480">
         <name>__TI_cinit_table</name>
         <load_address>0x3a58</load_address>
         <run_address>0x3a58</run_address>
         <size>0x10</size>
      </object_component>
      <object_component id="oc-453">
         <name>.binit</name>
         <load_address>0x0</load_address>
         <run_address>0x0</run_address>
         <size>0x0</size>
      </object_component>
      <object_component id="oc-158">
         <name>.data</name>
         <load_address>0x200005b8</load_address>
         <run_address>0x200005b8</run_address>
         <size>0x18</size>
         <input_file_ref idref="fl-2"/>
      </object_component>
      <object_component id="oc-135">
         <name>.data</name>
         <load_address>0x20000600</load_address>
         <run_address>0x20000600</run_address>
         <size>0x4</size>
         <input_file_ref idref="fl-5"/>
      </object_component>
      <object_component id="oc-16f">
         <name>.data:$O1$$</name>
         <load_address>0x200005e0</load_address>
         <run_address>0x200005e0</run_address>
         <size>0xc</size>
         <input_file_ref idref="fl-d1"/>
      </object_component>
      <object_component id="oc-13f">
         <name>.data:$O1$$</name>
         <load_address>0x200005ec</load_address>
         <run_address>0x200005ec</run_address>
         <size>0x8</size>
         <input_file_ref idref="fl-d2"/>
      </object_component>
      <object_component id="oc-142">
         <name>.data:_ftable</name>
         <load_address>0x20000400</load_address>
         <run_address>0x20000400</run_address>
         <size>0xf0</size>
         <input_file_ref idref="fl-d6"/>
      </object_component>
      <object_component id="oc-388">
         <name>.data</name>
         <load_address>0x200005d0</load_address>
         <run_address>0x200005d0</run_address>
         <size>0x10</size>
         <input_file_ref idref="fl-d6"/>
      </object_component>
      <object_component id="oc-3be">
         <name>.data:$O1$$</name>
         <load_address>0x200005f4</load_address>
         <run_address>0x200005f4</run_address>
         <size>0x8</size>
         <input_file_ref idref="fl-d9"/>
      </object_component>
      <object_component id="oc-358">
         <name>.data:_device</name>
         <load_address>0x200004f0</load_address>
         <run_address>0x200004f0</run_address>
         <size>0x78</size>
         <input_file_ref idref="fl-dd"/>
      </object_component>
      <object_component id="oc-317">
         <name>.data:_stream</name>
         <load_address>0x20000568</load_address>
         <run_address>0x20000568</run_address>
         <size>0x50</size>
         <input_file_ref idref="fl-dd"/>
      </object_component>
      <object_component id="oc-286">
         <name>.data</name>
         <load_address>0x200005fc</load_address>
         <run_address>0x200005fc</run_address>
         <size>0x4</size>
         <input_file_ref idref="fl-de"/>
      </object_component>
      <object_component id="oc-40c">
         <name>.bss:_CIOBUF_</name>
         <uninitialized>true</uninitialized>
         <run_address>0x20000604</run_address>
         <size>0x120</size>
         <input_file_ref idref="fl-f3"/>
      </object_component>
      <object_component id="oc-bf">
         <name>.common:TimerA2Task</name>
         <uninitialized>true</uninitialized>
         <run_address>0x200007cc</run_address>
         <size>0x4</size>
      </object_component>
      <object_component id="oc-c3">
         <name>.common:first_right</name>
         <uninitialized>true</uninitialized>
         <run_address>0x200007f4</run_address>
         <size>0x2</size>
      </object_component>
      <object_component id="oc-c4">
         <name>.common:period_left</name>
         <uninitialized>true</uninitialized>
         <run_address>0x200007f6</run_address>
         <size>0x2</size>
      </object_component>
      <object_component id="oc-c2">
         <name>.common:period_right</name>
         <uninitialized>true</uninitialized>
         <run_address>0x200007f8</run_address>
         <size>0x2</size>
      </object_component>
      <object_component id="oc-c5">
         <name>.common:left_count</name>
         <uninitialized>true</uninitialized>
         <run_address>0x200007d0</run_address>
         <size>0x4</size>
      </object_component>
      <object_component id="oc-c6">
         <name>.common:sensor1</name>
         <uninitialized>true</uninitialized>
         <run_address>0x200007d4</run_address>
         <size>0x4</size>
      </object_component>
      <object_component id="oc-c7">
         <name>.common:sensor2</name>
         <uninitialized>true</uninitialized>
         <run_address>0x200007d8</run_address>
         <size>0x4</size>
      </object_component>
      <object_component id="oc-c8">
         <name>.common:sensor3</name>
         <uninitialized>true</uninitialized>
         <run_address>0x200007dc</run_address>
         <size>0x4</size>
      </object_component>
      <object_component id="oc-c9">
         <name>.common:sensor4</name>
         <uninitialized>true</uninitialized>
         <run_address>0x200007e0</run_address>
         <size>0x4</size>
      </object_component>
      <object_component id="oc-ca">
         <name>.common:sensor5</name>
         <uninitialized>true</uninitialized>
         <run_address>0x200007e4</run_address>
         <size>0x4</size>
      </object_component>
      <object_component id="oc-cb">
         <name>.common:sensor6</name>
         <uninitialized>true</uninitialized>
         <run_address>0x200007e8</run_address>
         <size>0x4</size>
      </object_component>
      <object_component id="oc-cc">
         <name>.common:sensor7</name>
         <uninitialized>true</uninitialized>
         <run_address>0x200007ec</run_address>
         <size>0x4</size>
      </object_component>
      <object_component id="oc-cd">
         <name>.common:sensor8</name>
         <uninitialized>true</uninitialized>
         <run_address>0x200007f0</run_address>
         <size>0x4</size>
      </object_component>
      <object_component id="oc-3d6">
         <name>.common:__TI_tmpnams</name>
         <uninitialized>true</uninitialized>
         <run_address>0x20000724</run_address>
         <size>0xa0</size>
      </object_component>
      <object_component id="oc-3e7">
         <name>.common:parmbuf</name>
         <uninitialized>true</uninitialized>
         <run_address>0x200007c4</run_address>
         <size>0x8</size>
      </object_component>
      <object_component id="oc-29">
         <name>.sysmem</name>
         <uninitialized>true</uninitialized>
         <run_address>0x20000000</run_address>
         <size>0x10</size>
         <input_file_ref idref="fl-d9"/>
      </object_component>
      <object_component id="oc-485">
         <name>.sysmem</name>
         <uninitialized>true</uninitialized>
         <run_address>0x20000000</run_address>
         <size>0x0</size>
      </object_component>
      <object_component id="oc-2c">
         <name>.stack</name>
         <uninitialized>true</uninitialized>
         <run_address>0x2000fe00</run_address>
         <size>0x4</size>
         <input_file_ref idref="fl-df"/>
      </object_component>
      <object_component id="oc-484">
         <name>.stack</name>
         <uninitialized>true</uninitialized>
         <run_address>0x2000fe00</run_address>
         <size>0x0</size>
      </object_component>
      <object_component id="oc-16d">
         <name>.debug_info</name>
         <load_address>0x0</load_address>
         <run_address>0x0</run_address>
         <size>0x52a</size>
         <input_file_ref idref="fl-2"/>
      </object_component>
      <object_component id="oc-159">
         <name>.debug_info</name>
         <load_address>0x52a</load_address>
         <run_address>0x52a</run_address>
         <size>0x186</size>
         <input_file_ref idref="fl-2"/>
      </object_component>
      <object_component id="oc-bc">
         <name>.debug_info</name>
         <load_address>0x6b0</load_address>
         <run_address>0x6b0</run_address>
         <size>0x2aa</size>
         <input_file_ref idref="fl-2"/>
      </object_component>
      <object_component id="oc-201">
         <name>.debug_info</name>
         <load_address>0x95a</load_address>
         <run_address>0x95a</run_address>
         <size>0x37e2</size>
         <input_file_ref idref="fl-2"/>
      </object_component>
      <object_component id="oc-d6">
         <name>.debug_info</name>
         <load_address>0x413c</load_address>
         <run_address>0x413c</run_address>
         <size>0x26b</size>
         <input_file_ref idref="fl-2"/>
      </object_component>
      <object_component id="oc-163">
         <name>.debug_info</name>
         <load_address>0x43a7</load_address>
         <run_address>0x43a7</run_address>
         <size>0x1055</size>
         <input_file_ref idref="fl-2"/>
      </object_component>
      <object_component id="oc-35">
         <name>.debug_info</name>
         <load_address>0x53fc</load_address>
         <run_address>0x53fc</run_address>
         <size>0x84</size>
         <input_file_ref idref="fl-2"/>
      </object_component>
      <object_component id="oc-168">
         <name>.debug_info</name>
         <load_address>0x5480</load_address>
         <run_address>0x5480</run_address>
         <size>0x2a4</size>
         <input_file_ref idref="fl-2"/>
      </object_component>
      <object_component id="oc-cf">
         <name>.debug_info</name>
         <load_address>0x5724</load_address>
         <run_address>0x5724</run_address>
         <size>0xbb</size>
         <input_file_ref idref="fl-2"/>
      </object_component>
      <object_component id="oc-c0">
         <name>.debug_info</name>
         <load_address>0x57df</load_address>
         <run_address>0x57df</run_address>
         <size>0x79e</size>
         <input_file_ref idref="fl-3"/>
      </object_component>
      <object_component id="oc-72">
         <name>.debug_info</name>
         <load_address>0x5f7d</load_address>
         <run_address>0x5f7d</run_address>
         <size>0xde0</size>
         <input_file_ref idref="fl-3"/>
      </object_component>
      <object_component id="oc-15e">
         <name>.debug_info</name>
         <load_address>0x6d5d</load_address>
         <run_address>0x6d5d</run_address>
         <size>0x37e2</size>
         <input_file_ref idref="fl-3"/>
      </object_component>
      <object_component id="oc-153">
         <name>.debug_info</name>
         <load_address>0xa53f</load_address>
         <run_address>0xa53f</run_address>
         <size>0x2c</size>
         <input_file_ref idref="fl-3"/>
      </object_component>
      <object_component id="oc-78">
         <name>.debug_info</name>
         <load_address>0xa56b</load_address>
         <run_address>0xa56b</run_address>
         <size>0x2c9</size>
         <input_file_ref idref="fl-4"/>
      </object_component>
      <object_component id="oc-27">
         <name>.debug_info</name>
         <load_address>0xa834</load_address>
         <run_address>0xa834</run_address>
         <size>0xf5</size>
         <input_file_ref idref="fl-4"/>
      </object_component>
      <object_component id="oc-6b">
         <name>.debug_info</name>
         <load_address>0xa929</load_address>
         <run_address>0xa929</run_address>
         <size>0x1bc</size>
         <input_file_ref idref="fl-4"/>
      </object_component>
      <object_component id="oc-136">
         <name>.debug_info</name>
         <load_address>0xaae5</load_address>
         <run_address>0xaae5</run_address>
         <size>0xee</size>
         <input_file_ref idref="fl-5"/>
      </object_component>
      <object_component id="oc-ae">
         <name>.debug_info</name>
         <load_address>0xabd3</load_address>
         <run_address>0xabd3</run_address>
         <size>0x260</size>
         <input_file_ref idref="fl-5"/>
      </object_component>
      <object_component id="oc-152">
         <name>.debug_info</name>
         <load_address>0xae33</load_address>
         <run_address>0xae33</run_address>
         <size>0x3e5</size>
         <input_file_ref idref="fl-bf"/>
      </object_component>
      <object_component id="oc-14f">
         <name>.debug_info</name>
         <load_address>0xb218</load_address>
         <run_address>0xb218</run_address>
         <size>0x157</size>
         <input_file_ref idref="fl-bf"/>
      </object_component>
      <object_component id="oc-146">
         <name>.debug_info</name>
         <load_address>0xb36f</load_address>
         <run_address>0xb36f</run_address>
         <size>0x166</size>
         <input_file_ref idref="fl-bf"/>
      </object_component>
      <object_component id="oc-b4">
         <name>.debug_info</name>
         <load_address>0xb4d5</load_address>
         <run_address>0xb4d5</run_address>
         <size>0x1ac</size>
         <input_file_ref idref="fl-bf"/>
      </object_component>
      <object_component id="oc-1f8">
         <name>.debug_info</name>
         <load_address>0xb681</load_address>
         <run_address>0xb681</run_address>
         <size>0xb2</size>
         <input_file_ref idref="fl-bf"/>
      </object_component>
      <object_component id="oc-1cf">
         <name>.debug_info</name>
         <load_address>0xb733</load_address>
         <run_address>0xb733</run_address>
         <size>0x590</size>
         <input_file_ref idref="fl-c0"/>
      </object_component>
      <object_component id="oc-19a">
         <name>.debug_info</name>
         <load_address>0xbcc3</load_address>
         <run_address>0xbcc3</run_address>
         <size>0x21e</size>
         <input_file_ref idref="fl-c0"/>
      </object_component>
      <object_component id="oc-250">
         <name>.debug_info</name>
         <load_address>0xbee1</load_address>
         <run_address>0xbee1</run_address>
         <size>0x1b3</size>
         <input_file_ref idref="fl-c0"/>
      </object_component>
      <object_component id="oc-256">
         <name>.debug_info</name>
         <load_address>0xc094</load_address>
         <run_address>0xc094</run_address>
         <size>0x21b</size>
         <input_file_ref idref="fl-c0"/>
      </object_component>
      <object_component id="oc-1a5">
         <name>.debug_info</name>
         <load_address>0xc2af</load_address>
         <run_address>0xc2af</run_address>
         <size>0x3c0</size>
         <input_file_ref idref="fl-c0"/>
      </object_component>
      <object_component id="oc-25d">
         <name>.debug_info</name>
         <load_address>0xc66f</load_address>
         <run_address>0xc66f</run_address>
         <size>0x30a</size>
         <input_file_ref idref="fl-c0"/>
      </object_component>
      <object_component id="oc-263">
         <name>.debug_info</name>
         <load_address>0xc979</load_address>
         <run_address>0xc979</run_address>
         <size>0x215</size>
         <input_file_ref idref="fl-c0"/>
      </object_component>
      <object_component id="oc-1ab">
         <name>.debug_info</name>
         <load_address>0xcb8e</load_address>
         <run_address>0xcb8e</run_address>
         <size>0x215</size>
         <input_file_ref idref="fl-c0"/>
      </object_component>
      <object_component id="oc-1b1">
         <name>.debug_info</name>
         <load_address>0xcda3</load_address>
         <run_address>0xcda3</run_address>
         <size>0x304</size>
         <input_file_ref idref="fl-c0"/>
      </object_component>
      <object_component id="oc-1b7">
         <name>.debug_info</name>
         <load_address>0xd0a7</load_address>
         <run_address>0xd0a7</run_address>
         <size>0x4b5</size>
         <input_file_ref idref="fl-c0"/>
      </object_component>
      <object_component id="oc-13a">
         <name>.debug_info</name>
         <load_address>0xd55c</load_address>
         <run_address>0xd55c</run_address>
         <size>0x5f4</size>
         <input_file_ref idref="fl-c0"/>
      </object_component>
      <object_component id="oc-1d0">
         <name>.debug_info</name>
         <load_address>0xdb50</load_address>
         <run_address>0xdb50</run_address>
         <size>0x86</size>
         <input_file_ref idref="fl-c0"/>
      </object_component>
      <object_component id="oc-292">
         <name>.debug_info</name>
         <load_address>0xdbd6</load_address>
         <run_address>0xdbd6</run_address>
         <size>0x39</size>
         <input_file_ref idref="fl-c0"/>
      </object_component>
      <object_component id="oc-300">
         <name>.debug_info</name>
         <load_address>0xdc0f</load_address>
         <run_address>0xdc0f</run_address>
         <size>0xb6</size>
         <input_file_ref idref="fl-c0"/>
      </object_component>
      <object_component id="oc-297">
         <name>.debug_info</name>
         <load_address>0xdcc5</load_address>
         <run_address>0xdcc5</run_address>
         <size>0x46</size>
         <input_file_ref idref="fl-c0"/>
      </object_component>
      <object_component id="oc-1d5">
         <name>.debug_info</name>
         <load_address>0xdd0b</load_address>
         <run_address>0xdd0b</run_address>
         <size>0x46</size>
         <input_file_ref idref="fl-c0"/>
      </object_component>
      <object_component id="oc-28d">
         <name>.debug_info</name>
         <load_address>0xdd51</load_address>
         <run_address>0xdd51</run_address>
         <size>0x2c</size>
         <input_file_ref idref="fl-c0"/>
      </object_component>
      <object_component id="oc-2bc">
         <name>.debug_info</name>
         <load_address>0xdd7d</load_address>
         <run_address>0xdd7d</run_address>
         <size>0x383</size>
         <input_file_ref idref="fl-c1"/>
      </object_component>
      <object_component id="oc-1f1">
         <name>.debug_info</name>
         <load_address>0xe100</load_address>
         <run_address>0xe100</run_address>
         <size>0x1ea</size>
         <input_file_ref idref="fl-c1"/>
      </object_component>
      <object_component id="oc-2ba">
         <name>.debug_info</name>
         <load_address>0xe2ea</load_address>
         <run_address>0xe2ea</run_address>
         <size>0x3fc</size>
         <input_file_ref idref="fl-c2"/>
      </object_component>
      <object_component id="oc-1e9">
         <name>.debug_info</name>
         <load_address>0xe6e6</load_address>
         <run_address>0xe6e6</run_address>
         <size>0x2e2</size>
         <input_file_ref idref="fl-c2"/>
      </object_component>
      <object_component id="oc-ee">
         <name>.debug_info</name>
         <load_address>0xe9c8</load_address>
         <run_address>0xe9c8</run_address>
         <size>0x2c</size>
         <input_file_ref idref="fl-c2"/>
      </object_component>
      <object_component id="oc-312">
         <name>.debug_info</name>
         <load_address>0xe9f4</load_address>
         <run_address>0xe9f4</run_address>
         <size>0x300</size>
         <input_file_ref idref="fl-c3"/>
      </object_component>
      <object_component id="oc-2a5">
         <name>.debug_info</name>
         <load_address>0xecf4</load_address>
         <run_address>0xecf4</run_address>
         <size>0x19c</size>
         <input_file_ref idref="fl-c3"/>
      </object_component>
      <object_component id="oc-34d">
         <name>.debug_info</name>
         <load_address>0xee90</load_address>
         <run_address>0xee90</run_address>
         <size>0xbf</size>
         <input_file_ref idref="fl-c3"/>
      </object_component>
      <object_component id="oc-34c">
         <name>.debug_info</name>
         <load_address>0xef4f</load_address>
         <run_address>0xef4f</run_address>
         <size>0x374</size>
         <input_file_ref idref="fl-c4"/>
      </object_component>
      <object_component id="oc-30e">
         <name>.debug_info</name>
         <load_address>0xf2c3</load_address>
         <run_address>0xf2c3</run_address>
         <size>0x20b</size>
         <input_file_ref idref="fl-c4"/>
      </object_component>
      <object_component id="oc-24c">
         <name>.debug_info</name>
         <load_address>0xf4ce</load_address>
         <run_address>0xf4ce</run_address>
         <size>0x14c</size>
         <input_file_ref idref="fl-c5"/>
      </object_component>
      <object_component id="oc-1a1">
         <name>.debug_info</name>
         <load_address>0xf61a</load_address>
         <run_address>0xf61a</run_address>
         <size>0x128</size>
         <input_file_ref idref="fl-c6"/>
      </object_component>
      <object_component id="oc-236">
         <name>.debug_info</name>
         <load_address>0xf742</load_address>
         <run_address>0xf742</run_address>
         <size>0x12a</size>
         <input_file_ref idref="fl-c6"/>
      </object_component>
      <object_component id="oc-232">
         <name>.debug_info</name>
         <load_address>0xf86c</load_address>
         <run_address>0xf86c</run_address>
         <size>0x13a</size>
         <input_file_ref idref="fl-c7"/>
      </object_component>
      <object_component id="oc-22c">
         <name>.debug_info</name>
         <load_address>0xf9a6</load_address>
         <run_address>0xf9a6</run_address>
         <size>0x13a</size>
         <input_file_ref idref="fl-c8"/>
      </object_component>
      <object_component id="oc-23d">
         <name>.debug_info</name>
         <load_address>0xfae0</load_address>
         <run_address>0xfae0</run_address>
         <size>0x12e</size>
         <input_file_ref idref="fl-c9"/>
      </object_component>
      <object_component id="oc-248">
         <name>.debug_info</name>
         <load_address>0xfc0e</load_address>
         <run_address>0xfc0e</run_address>
         <size>0x12c</size>
         <input_file_ref idref="fl-ca"/>
      </object_component>
      <object_component id="oc-3b">
         <name>.debug_info</name>
         <load_address>0xfd3a</load_address>
         <run_address>0xfd3a</run_address>
         <size>0x119</size>
         <input_file_ref idref="fl-cb"/>
      </object_component>
      <object_component id="oc-96">
         <name>.debug_info</name>
         <load_address>0xfe53</load_address>
         <run_address>0xfe53</run_address>
         <size>0x147</size>
         <input_file_ref idref="fl-cc"/>
      </object_component>
      <object_component id="oc-225">
         <name>.debug_info</name>
         <load_address>0xff9a</load_address>
         <run_address>0xff9a</run_address>
         <size>0x134</size>
         <input_file_ref idref="fl-cd"/>
      </object_component>
      <object_component id="oc-93">
         <name>.debug_info</name>
         <load_address>0x100ce</load_address>
         <run_address>0x100ce</run_address>
         <size>0x2d4</size>
         <input_file_ref idref="fl-ce"/>
      </object_component>
      <object_component id="oc-47">
         <name>.debug_info</name>
         <load_address>0x103a2</load_address>
         <run_address>0x103a2</run_address>
         <size>0x1d2</size>
         <input_file_ref idref="fl-ce"/>
      </object_component>
      <object_component id="oc-8e">
         <name>.debug_info</name>
         <load_address>0x10574</load_address>
         <run_address>0x10574</run_address>
         <size>0x46</size>
         <input_file_ref idref="fl-ce"/>
      </object_component>
      <object_component id="oc-45">
         <name>.debug_info</name>
         <load_address>0x105ba</load_address>
         <run_address>0x105ba</run_address>
         <size>0x2a8</size>
         <input_file_ref idref="fl-cf"/>
      </object_component>
      <object_component id="oc-20">
         <name>.debug_info</name>
         <load_address>0x10862</load_address>
         <run_address>0x10862</run_address>
         <size>0x1ea</size>
         <input_file_ref idref="fl-cf"/>
      </object_component>
      <object_component id="oc-40">
         <name>.debug_info</name>
         <load_address>0x10a4c</load_address>
         <run_address>0x10a4c</run_address>
         <size>0x46</size>
         <input_file_ref idref="fl-cf"/>
      </object_component>
      <object_component id="oc-86">
         <name>.debug_info</name>
         <load_address>0x10a92</load_address>
         <run_address>0x10a92</run_address>
         <size>0x2c</size>
         <input_file_ref idref="fl-cf"/>
      </object_component>
      <object_component id="oc-84">
         <name>.debug_info</name>
         <load_address>0x10abe</load_address>
         <run_address>0x10abe</run_address>
         <size>0x29e</size>
         <input_file_ref idref="fl-d0"/>
      </object_component>
      <object_component id="oc-19">
         <name>.debug_info</name>
         <load_address>0x10d5c</load_address>
         <run_address>0x10d5c</run_address>
         <size>0x250</size>
         <input_file_ref idref="fl-d0"/>
      </object_component>
      <object_component id="oc-30">
         <name>.debug_info</name>
         <load_address>0x10fac</load_address>
         <run_address>0x10fac</run_address>
         <size>0x60</size>
         <input_file_ref idref="fl-d0"/>
      </object_component>
      <object_component id="oc-e7">
         <name>.debug_info</name>
         <load_address>0x1100c</load_address>
         <run_address>0x1100c</run_address>
         <size>0x46</size>
         <input_file_ref idref="fl-d0"/>
      </object_component>
      <object_component id="oc-7f">
         <name>.debug_info</name>
         <load_address>0x11052</load_address>
         <run_address>0x11052</run_address>
         <size>0x39</size>
         <input_file_ref idref="fl-d0"/>
      </object_component>
      <object_component id="oc-173">
         <name>.debug_info</name>
         <load_address>0x1108b</load_address>
         <run_address>0x1108b</run_address>
         <size>0x3ad</size>
         <input_file_ref idref="fl-d1"/>
      </object_component>
      <object_component id="oc-170">
         <name>.debug_info</name>
         <load_address>0x11438</load_address>
         <run_address>0x11438</run_address>
         <size>0x190</size>
         <input_file_ref idref="fl-d1"/>
      </object_component>
      <object_component id="oc-f8">
         <name>.debug_info</name>
         <load_address>0x115c8</load_address>
         <run_address>0x115c8</run_address>
         <size>0x122</size>
         <input_file_ref idref="fl-d1"/>
      </object_component>
      <object_component id="oc-fe">
         <name>.debug_info</name>
         <load_address>0x116ea</load_address>
         <run_address>0x116ea</run_address>
         <size>0x184</size>
         <input_file_ref idref="fl-d1"/>
      </object_component>
      <object_component id="oc-1e2">
         <name>.debug_info</name>
         <load_address>0x1186e</load_address>
         <run_address>0x1186e</run_address>
         <size>0x2c9</size>
         <input_file_ref idref="fl-d2"/>
      </object_component>
      <object_component id="oc-140">
         <name>.debug_info</name>
         <load_address>0x11b37</load_address>
         <run_address>0x11b37</run_address>
         <size>0x11e</size>
         <input_file_ref idref="fl-d2"/>
      </object_component>
      <object_component id="oc-1dd">
         <name>.debug_info</name>
         <load_address>0x11c55</load_address>
         <run_address>0x11c55</run_address>
         <size>0x12e</size>
         <input_file_ref idref="fl-d2"/>
      </object_component>
      <object_component id="oc-2db">
         <name>.debug_info</name>
         <load_address>0x11d83</load_address>
         <run_address>0x11d83</run_address>
         <size>0x29c</size>
         <input_file_ref idref="fl-d3"/>
      </object_component>
      <object_component id="oc-242">
         <name>.debug_info</name>
         <load_address>0x1201f</load_address>
         <run_address>0x1201f</run_address>
         <size>0x1da</size>
         <input_file_ref idref="fl-d3"/>
      </object_component>
      <object_component id="oc-223">
         <name>.debug_info</name>
         <load_address>0x121f9</load_address>
         <run_address>0x121f9</run_address>
         <size>0x2b9</size>
         <input_file_ref idref="fl-d4"/>
      </object_component>
      <object_component id="oc-196">
         <name>.debug_info</name>
         <load_address>0x124b2</load_address>
         <run_address>0x124b2</run_address>
         <size>0x17c</size>
         <input_file_ref idref="fl-d4"/>
      </object_component>
      <object_component id="oc-2cd">
         <name>.debug_info</name>
         <load_address>0x1262e</load_address>
         <run_address>0x1262e</run_address>
         <size>0xf9</size>
         <input_file_ref idref="fl-d5"/>
      </object_component>
      <object_component id="oc-220">
         <name>.debug_info</name>
         <load_address>0x12727</load_address>
         <run_address>0x12727</run_address>
         <size>0x105</size>
         <input_file_ref idref="fl-d5"/>
      </object_component>
      <object_component id="oc-1e6">
         <name>.debug_info</name>
         <load_address>0x1282c</load_address>
         <run_address>0x1282c</run_address>
         <size>0x144</size>
         <input_file_ref idref="fl-d6"/>
      </object_component>
      <object_component id="oc-143">
         <name>.debug_info</name>
         <load_address>0x12970</load_address>
         <run_address>0x12970</run_address>
         <size>0x102</size>
         <input_file_ref idref="fl-d6"/>
      </object_component>
      <object_component id="oc-389">
         <name>.debug_info</name>
         <load_address>0x12a72</load_address>
         <run_address>0x12a72</run_address>
         <size>0x18f</size>
         <input_file_ref idref="fl-d6"/>
      </object_component>
      <object_component id="oc-27e">
         <name>.debug_info</name>
         <load_address>0x12c01</load_address>
         <run_address>0x12c01</run_address>
         <size>0x2a7</size>
         <input_file_ref idref="fl-d7"/>
      </object_component>
      <object_component id="oc-1be">
         <name>.debug_info</name>
         <load_address>0x12ea8</load_address>
         <run_address>0x12ea8</run_address>
         <size>0x1b8</size>
         <input_file_ref idref="fl-d7"/>
      </object_component>
      <object_component id="oc-314">
         <name>.debug_info</name>
         <load_address>0x13060</load_address>
         <run_address>0x13060</run_address>
         <size>0x2a5</size>
         <input_file_ref idref="fl-d8"/>
      </object_component>
      <object_component id="oc-2a8">
         <name>.debug_info</name>
         <load_address>0x13305</load_address>
         <run_address>0x13305</run_address>
         <size>0x25d</size>
         <input_file_ref idref="fl-d8"/>
      </object_component>
      <object_component id="oc-7b">
         <name>.debug_info</name>
         <load_address>0x13562</load_address>
         <run_address>0x13562</run_address>
         <size>0x3b2</size>
         <input_file_ref idref="fl-d9"/>
      </object_component>
      <object_component id="oc-2a">
         <name>.debug_info</name>
         <load_address>0x13914</load_address>
         <run_address>0x13914</run_address>
         <size>0x10c</size>
         <input_file_ref idref="fl-d9"/>
      </object_component>
      <object_component id="oc-3bf">
         <name>.debug_info</name>
         <load_address>0x13a20</load_address>
         <run_address>0x13a20</run_address>
         <size>0x13f</size>
         <input_file_ref idref="fl-d9"/>
      </object_component>
      <object_component id="oc-342">
         <name>.debug_info</name>
         <load_address>0x13b5f</load_address>
         <run_address>0x13b5f</run_address>
         <size>0x168</size>
         <input_file_ref idref="fl-d9"/>
      </object_component>
      <object_component id="oc-371">
         <name>.debug_info</name>
         <load_address>0x13cc7</load_address>
         <run_address>0x13cc7</run_address>
         <size>0x18e</size>
         <input_file_ref idref="fl-d9"/>
      </object_component>
      <object_component id="oc-377">
         <name>.debug_info</name>
         <load_address>0x13e55</load_address>
         <run_address>0x13e55</run_address>
         <size>0x19f</size>
         <input_file_ref idref="fl-d9"/>
      </object_component>
      <object_component id="oc-33d">
         <name>.debug_info</name>
         <load_address>0x13ff4</load_address>
         <run_address>0x13ff4</run_address>
         <size>0x203</size>
         <input_file_ref idref="fl-d9"/>
      </object_component>
      <object_component id="oc-3c6">
         <name>.debug_info</name>
         <load_address>0x141f7</load_address>
         <run_address>0x141f7</run_address>
         <size>0x1db</size>
         <input_file_ref idref="fl-d9"/>
      </object_component>
      <object_component id="oc-37e">
         <name>.debug_info</name>
         <load_address>0x143d2</load_address>
         <run_address>0x143d2</run_address>
         <size>0x299</size>
         <input_file_ref idref="fl-d9"/>
      </object_component>
      <object_component id="oc-e2">
         <name>.debug_info</name>
         <load_address>0x1466b</load_address>
         <run_address>0x1466b</run_address>
         <size>0xb2</size>
         <input_file_ref idref="fl-d9"/>
      </object_component>
      <object_component id="oc-dd">
         <name>.debug_info</name>
         <load_address>0x1471d</load_address>
         <run_address>0x1471d</run_address>
         <size>0x2c</size>
         <input_file_ref idref="fl-d9"/>
      </object_component>
      <object_component id="oc-2f2">
         <name>.debug_info</name>
         <load_address>0x14749</load_address>
         <run_address>0x14749</run_address>
         <size>0x29a</size>
         <input_file_ref idref="fl-da"/>
      </object_component>
      <object_component id="oc-27a">
         <name>.debug_info</name>
         <load_address>0x149e3</load_address>
         <run_address>0x149e3</run_address>
         <size>0x262</size>
         <input_file_ref idref="fl-da"/>
      </object_component>
      <object_component id="oc-21e">
         <name>.debug_info</name>
         <load_address>0x14c45</load_address>
         <run_address>0x14c45</run_address>
         <size>0x28f</size>
         <input_file_ref idref="fl-db"/>
      </object_component>
      <object_component id="oc-18e">
         <name>.debug_info</name>
         <load_address>0x14ed4</load_address>
         <run_address>0x14ed4</run_address>
         <size>0x245</size>
         <input_file_ref idref="fl-db"/>
      </object_component>
      <object_component id="oc-31b">
         <name>.debug_info</name>
         <load_address>0x15119</load_address>
         <run_address>0x15119</run_address>
         <size>0x397</size>
         <input_file_ref idref="fl-dc"/>
      </object_component>
      <object_component id="oc-2b5">
         <name>.debug_info</name>
         <load_address>0x154b0</load_address>
         <run_address>0x154b0</run_address>
         <size>0x18f</size>
         <input_file_ref idref="fl-dc"/>
      </object_component>
      <object_component id="oc-360">
         <name>.debug_info</name>
         <load_address>0x1563f</load_address>
         <run_address>0x1563f</run_address>
         <size>0x120</size>
         <input_file_ref idref="fl-dc"/>
      </object_component>
      <object_component id="oc-365">
         <name>.debug_info</name>
         <load_address>0x1575f</load_address>
         <run_address>0x1575f</run_address>
         <size>0x2c</size>
         <input_file_ref idref="fl-dc"/>
      </object_component>
      <object_component id="oc-35d">
         <name>.debug_info</name>
         <load_address>0x1578b</load_address>
         <run_address>0x1578b</run_address>
         <size>0x337</size>
         <input_file_ref idref="fl-dd"/>
      </object_component>
      <object_component id="oc-359">
         <name>.debug_info</name>
         <load_address>0x15ac2</load_address>
         <run_address>0x15ac2</run_address>
         <size>0x109</size>
         <input_file_ref idref="fl-dd"/>
      </object_component>
      <object_component id="oc-318">
         <name>.debug_info</name>
         <load_address>0x15bcb</load_address>
         <run_address>0x15bcb</run_address>
         <size>0x109</size>
         <input_file_ref idref="fl-dd"/>
      </object_component>
      <object_component id="oc-28a">
         <name>.debug_info</name>
         <load_address>0x15cd4</load_address>
         <run_address>0x15cd4</run_address>
         <size>0x289</size>
         <input_file_ref idref="fl-de"/>
      </object_component>
      <object_component id="oc-287">
         <name>.debug_info</name>
         <load_address>0x15f5d</load_address>
         <run_address>0x15f5d</run_address>
         <size>0x10e</size>
         <input_file_ref idref="fl-de"/>
      </object_component>
      <object_component id="oc-1c9">
         <name>.debug_info</name>
         <load_address>0x1606b</load_address>
         <run_address>0x1606b</run_address>
         <size>0x14e</size>
         <input_file_ref idref="fl-de"/>
      </object_component>
      <object_component id="oc-2d">
         <name>.debug_info</name>
         <load_address>0x161b9</load_address>
         <run_address>0x161b9</run_address>
         <size>0x10b</size>
         <input_file_ref idref="fl-df"/>
      </object_component>
      <object_component id="oc-5c">
         <name>.debug_info</name>
         <load_address>0x162c4</load_address>
         <run_address>0x162c4</run_address>
         <size>0x1a9</size>
         <input_file_ref idref="fl-df"/>
      </object_component>
      <object_component id="oc-2e3">
         <name>.debug_info</name>
         <load_address>0x1646d</load_address>
         <run_address>0x1646d</run_address>
         <size>0x295</size>
         <input_file_ref idref="fl-e0"/>
      </object_component>
      <object_component id="oc-26b">
         <name>.debug_info</name>
         <load_address>0x16702</load_address>
         <run_address>0x16702</run_address>
         <size>0x195</size>
         <input_file_ref idref="fl-e0"/>
      </object_component>
      <object_component id="oc-327">
         <name>.debug_info</name>
         <load_address>0x16897</load_address>
         <run_address>0x16897</run_address>
         <size>0x39</size>
         <input_file_ref idref="fl-e0"/>
      </object_component>
      <object_component id="oc-2e4">
         <name>.debug_info</name>
         <load_address>0x168d0</load_address>
         <run_address>0x168d0</run_address>
         <size>0x2c</size>
         <input_file_ref idref="fl-e0"/>
      </object_component>
      <object_component id="oc-2f0">
         <name>.debug_info</name>
         <load_address>0x168fc</load_address>
         <run_address>0x168fc</run_address>
         <size>0x2f8</size>
         <input_file_ref idref="fl-e1"/>
      </object_component>
      <object_component id="oc-272">
         <name>.debug_info</name>
         <load_address>0x16bf4</load_address>
         <run_address>0x16bf4</run_address>
         <size>0x225</size>
         <input_file_ref idref="fl-e1"/>
      </object_component>
      <object_component id="oc-2eb">
         <name>.debug_info</name>
         <load_address>0x16e19</load_address>
         <run_address>0x16e19</run_address>
         <size>0x161</size>
         <input_file_ref idref="fl-e2"/>
      </object_component>
      <object_component id="oc-285">
         <name>.debug_info</name>
         <load_address>0x16f7a</load_address>
         <run_address>0x16f7a</run_address>
         <size>0x28f</size>
         <input_file_ref idref="fl-e3"/>
      </object_component>
      <object_component id="oc-1c5">
         <name>.debug_info</name>
         <load_address>0x17209</load_address>
         <run_address>0x17209</run_address>
         <size>0x15a</size>
         <input_file_ref idref="fl-e3"/>
      </object_component>
      <object_component id="oc-2f5">
         <name>.debug_info</name>
         <load_address>0x17363</load_address>
         <run_address>0x17363</run_address>
         <size>0x46</size>
         <input_file_ref idref="fl-e3"/>
      </object_component>
      <object_component id="oc-280">
         <name>.debug_info</name>
         <load_address>0x173a9</load_address>
         <run_address>0x173a9</run_address>
         <size>0x39</size>
         <input_file_ref idref="fl-e3"/>
      </object_component>
      <object_component id="oc-316">
         <name>.debug_info</name>
         <load_address>0x173e2</load_address>
         <run_address>0x173e2</run_address>
         <size>0x347</size>
         <input_file_ref idref="fl-e4"/>
      </object_component>
      <object_component id="oc-2b0">
         <name>.debug_info</name>
         <load_address>0x17729</load_address>
         <run_address>0x17729</run_address>
         <size>0x18a</size>
         <input_file_ref idref="fl-e4"/>
      </object_component>
      <object_component id="oc-348">
[...]
      </symbol>
      <symbol id="sm-428">
         <name>__aeabi_dmul</name>
         <value>0x25d5</value>
         <object_component_ref idref="oc-22b"/>
      </symbol>
      <symbol id="sm-432">
         <name>__aeabi_d2iz</name>
         <value>0x33f5</value>
         <object_component_ref idref="oc-23a"/>
      </symbol>
      <symbol id="sm-43c">
         <name>__aeabi_i2d</name>
         <value>0x36c9</value>
         <object_component_ref idref="oc-245"/>
      </symbol>
      <symbol id="sm-457">
         <name>memcpy</name>
         <value>0x2943</value>
         <object_component_ref idref="oc-3a"/>
      </symbol>
      <symbol id="sm-458">
         <name>__aeabi_memcpy</name>
         <value>0x2943</value>
         <object_component_ref idref="oc-3a"/>
      </symbol>
      <symbol id="sm-459">
         <name>__aeabi_memcpy8</name>
         <value>0x2943</value>
         <object_component_ref idref="oc-3a"/>
      </symbol>
      <symbol id="sm-45a">
         <name>__aeabi_memcpy4</name>
         <value>0x2943</value>
         <object_component_ref idref="oc-3a"/>
      </symbol>
      <symbol id="sm-469">
         <name>__aeabi_memset</name>
         <value>0x2c0f</value>
         <object_component_ref idref="oc-94"/>
      </symbol>
      <symbol id="sm-46a">
         <name>memset</name>
         <value>0x2c15</value>
         <object_component_ref idref="oc-94"/>
      </symbol>
      <symbol id="sm-46b">
         <name>__aeabi_memset8</name>
         <value>0x2c0f</value>
         <object_component_ref idref="oc-94"/>
      </symbol>
      <symbol id="sm-46c">
         <name>__aeabi_memset4</name>
         <value>0x2c0f</value>
         <object_component_ref idref="oc-94"/>
      </symbol>
      <symbol id="sm-46d">
         <name>__aeabi_memclr8</name>
         <value>0x2c0d</value>
         <object_component_ref idref="oc-94"/>
      </symbol>
      <symbol id="sm-46e">
         <name>__aeabi_memclr4</name>
         <value>0x2c0d</value>
         <object_component_ref idref="oc-94"/>
      </symbol>
      <symbol id="sm-46f">
         <name>__aeabi_memclr</name>
         <value>0x2c0d</value>
         <object_component_ref idref="oc-94"/>
      </symbol>
      <symbol id="sm-47c">
         <name>__aeabi_uldivmod</name>
         <value>0x29df</value>
         <object_component_ref idref="oc-224"/>
      </symbol>
      <symbol id="sm-490">
         <name>__TI_zero_init_nomemset</name>
         <value>0x37bd</value>
         <object_component_ref idref="oc-46"/>
      </symbol>
      <symbol id="sm-4a7">
         <name>__TI_decompress_none</name>
         <value>0x3893</value>
         <object_component_ref idref="oc-1d"/>
      </symbol>
      <symbol id="sm-4ca">
         <name>__TI_decompress_lzss</name>
         <value>0x2eb1</value>
         <object_component_ref idref="oc-17"/>
      </symbol>
      <symbol id="sm-4f0">
         <name>C$$EXIT</name>
         <value>0x38cd</value>
         <object_component_ref idref="oc-f7"/>
      </symbol>
      <symbol id="sm-4f1">
         <name>abort</name>
         <value>0x38cd</value>
         <object_component_ref idref="oc-f7"/>
      </symbol>
      <symbol id="sm-4f2">
         <name>__TI_dtors_ptr</name>
         <value>0x200005e4</value>
         <object_component_ref idref="oc-16f"/>
      </symbol>
      <symbol id="sm-4f3">
         <name>__TI_cleanup_ptr</name>
         <value>0x200005e0</value>
         <object_component_ref idref="oc-16f"/>
      </symbol>
      <symbol id="sm-4f4">
         <name>__TI_enable_exit_profile_output</name>
         <value>0x200005e8</value>
         <object_component_ref idref="oc-16f"/>
      </symbol>
      <symbol id="sm-4f5">
         <name>exit</name>
         <value>0x33ad</value>
         <object_component_ref idref="oc-fd"/>
      </symbol>
      <symbol id="sm-50a">
         <name>_nop</name>
         <value>0xb33</value>
         <object_component_ref idref="oc-1da"/>
      </symbol>
      <symbol id="sm-50b">
         <name>_lock</name>
         <value>0x200005ec</value>
         <object_component_ref idref="oc-13f"/>
      </symbol>
      <symbol id="sm-50c">
         <name>_unlock</name>
         <value>0x200005f0</value>
         <object_component_ref idref="oc-13f"/>
      </symbol>
      <symbol id="sm-51b">
         <name>__TI_ltoa</name>
         <value>0x326f</value>
         <object_component_ref idref="oc-23f"/>
      </symbol>
      <symbol id="sm-531">
         <name>atoi</name>
         <value>0x3361</value>
         <object_component_ref idref="oc-193"/>
      </symbol>
      <symbol id="sm-53c">
         <name>_ctypes_</name>
         <value>0x38d0</value>
         <object_component_ref idref="oc-21f"/>
      </symbol>
      <symbol id="sm-551">
         <name>__TI_tmpnams</name>
         <value>0x20000724</value>
      </symbol>
      <symbol id="sm-552">
         <name>__aeabi_stdout</name>
         <value>0x200005d8</value>
         <object_component_ref idref="oc-388"/>
      </symbol>
      <symbol id="sm-553">
         <name>__aeabi_stderr</name>
         <value>0x200005dc</value>
         <object_component_ref idref="oc-388"/>
      </symbol>
      <symbol id="sm-554">
         <name>__aeabi_stdin</name>
         <value>0x200005d4</value>
         <object_component_ref idref="oc-388"/>
      </symbol>
      <symbol id="sm-555">
         <name>_ftable</name>
         <value>0x20000400</value>
         <object_component_ref idref="oc-142"/>
      </symbol>
      <symbol id="sm-556">
         <name>__TI_ft_end</name>
         <value>0x200005d0</value>
         <object_component_ref idref="oc-388"/>
      </symbol>
      <symbol id="sm-566">
         <name>memccpy</name>
         <value>0x37f5</value>
         <object_component_ref idref="oc-1bc"/>
      </symbol>
      <symbol id="sm-576">
         <name>memchr</name>
         <value>0x379d</value>
         <object_component_ref idref="oc-2a7"/>
      </symbol>
      <symbol id="sm-5ff">
         <name>_sys_memory</name>
         <value>0x20000000</value>
         <object_component_ref idref="oc-29"/>
      </symbol>
      <symbol id="sm-600">
         <name>free</name>
         <value>0x26d1</value>
         <object_component_ref idref="oc-339"/>
      </symbol>
      <symbol id="sm-601">
         <name>memalign</name>
         <value>0x24d5</value>
         <object_component_ref idref="oc-37b"/>
      </symbol>
      <symbol id="sm-602">
         <name>malloc</name>
         <value>0x38b9</value>
         <object_component_ref idref="oc-33f"/>
      </symbol>
      <symbol id="sm-603">
         <name>aligned_alloc</name>
         <value>0x24d5</value>
         <object_component_ref idref="oc-37b"/>
      </symbol>
      <symbol id="sm-613">
         <name>strchr</name>
         <value>0x3843</value>
         <object_component_ref idref="oc-276"/>
      </symbol>
      <symbol id="sm-621">
         <name>strlen</name>
         <value>0x386d</value>
         <object_component_ref idref="oc-18d"/>
      </symbol>
      <symbol id="sm-63b">
         <name>write</name>
         <value>0x3775</value>
         <object_component_ref idref="oc-2b3"/>
      </symbol>
      <symbol id="sm-64c">
         <name>_stream</name>
         <value>0x20000568</value>
         <object_component_ref idref="oc-317"/>
      </symbol>
      <symbol id="sm-64d">
         <name>_device</name>
         <value>0x200004f0</value>
         <object_component_ref idref="oc-358"/>
      </symbol>
      <symbol id="sm-663">
         <name>__aeabi_errno_addr</name>
         <value>0x38b1</value>
         <object_component_ref idref="oc-1c8"/>
      </symbol>
      <symbol id="sm-664">
         <name>errno</name>
         <value>0x200005fc</value>
         <object_component_ref idref="oc-286"/>
      </symbol>
      <symbol id="sm-677">
         <name>__stack</name>
         <value>0x2000fe00</value>
         <object_component_ref idref="oc-2c"/>
      </symbol>
      <symbol id="sm-678">
         <name>_c_int00_noargs</name>
         <value>0x3665</value>
         <object_component_ref idref="oc-58"/>
      </symbol>
      <symbol id="sm-698">
         <name>frexpl</name>
         <value>0x2f81</value>
         <object_component_ref idref="oc-26a"/>
      </symbol>
      <symbol id="sm-699">
         <name>frexp</name>
         <value>0x2f81</value>
         <object_component_ref idref="oc-26a"/>
      </symbol>
      <symbol id="sm-6b6">
         <name>scalbn</name>
         <value>0x23c5</value>
         <object_component_ref idref="oc-270"/>
      </symbol>
      <symbol id="sm-6b7">
         <name>scalbnl</name>
         <value>0x23c5</value>
         <object_component_ref idref="oc-270"/>
      </symbol>
      <symbol id="sm-6b8">
         <name>ldexpl</name>
         <value>0x23c5</value>
         <object_component_ref idref="oc-270"/>
      </symbol>
      <symbol id="sm-6b9">
         <name>ldexp</name>
         <value>0x23c5</value>
         <object_component_ref idref="oc-270"/>
      </symbol>
      <symbol id="sm-6c3">
         <name>copysign</name>
         <value>0x3811</value>
         <object_component_ref idref="oc-2e9"/>
      </symbol>
      <symbol id="sm-6c4">
         <name>copysignl</name>
         <value>0x3811</value>
         <object_component_ref idref="oc-2e9"/>
      </symbol>
      <symbol id="sm-6dd">
         <name>wcslen</name>
         <value>0x3881</value>
         <object_component_ref idref="oc-1c2"/>
      </symbol>
      <symbol id="sm-6ed">
         <name>__TI_doflush</name>
         <value>0x3315</value>
         <object_component_ref idref="oc-2ad"/>
      </symbol>
      <symbol id="sm-6fd">
         <name>__TI_cleanup</name>
         <value>0x35fd</value>
         <object_component_ref idref="oc-345"/>
      </symbol>
      <symbol id="sm-70f">
         <name>fseek</name>
         <value>0x2fe5</value>
         <object_component_ref idref="oc-305"/>
      </symbol>
      <symbol id="sm-719">
         <name>__aeabi_idiv0</name>
         <value>0x1f17</value>
         <object_component_ref idref="oc-2d0"/>
      </symbol>
      <symbol id="sm-71a">
         <name>__aeabi_ldiv0</name>
         <value>0x1f17</value>
         <object_component_ref idref="oc-2d0"/>
      </symbol>
      <symbol id="sm-742">
         <name>__TI_auto_init_nobinit_nopinit</name>
         <value>0x34c5</value>
         <object_component_ref idref="oc-103"/>
      </symbol>
      <symbol id="sm-74c">
         <name>_system_pre_init</name>
         <value>0x38c9</value>
         <object_component_ref idref="oc-9a"/>
      </symbol>
      <symbol id="sm-75f">
         <name>HOSTclose</name>
         <value>0x343d</value>
         <object_component_ref idref="oc-394"/>
      </symbol>
      <symbol id="sm-770">
         <name>HOSTlseek</name>
         <value>0x2e49</value>
         <object_component_ref idref="oc-3a6"/>
      </symbol>
      <symbol id="sm-782">
         <name>parmbuf</name>
         <value>0x200007c4</value>
      </symbol>
      <symbol id="sm-783">
         <name>HOSTopen</name>
         <value>0x30ad</value>
         <object_component_ref idref="oc-38e"/>
      </symbol>
      <symbol id="sm-794">
         <name>HOSTread</name>
         <value>0x3169</value>
         <object_component_ref idref="oc-39a"/>
      </symbol>
      <symbol id="sm-7a5">
         <name>HOSTrename</name>
         <value>0x2ddd</value>
         <object_component_ref idref="oc-3b2"/>
      </symbol>
      <symbol id="sm-7b6">
         <name>HOSTunlink</name>
         <value>0x3481</value>
         <object_component_ref idref="oc-3ac"/>
      </symbol>
      <symbol id="sm-7c7">
         <name>HOSTwrite</name>
         <value>0x31c1</value>
         <object_component_ref idref="oc-3a0"/>
      </symbol>
      <symbol id="sm-7eb">
         <name>__TI_readmsg</name>
         <value>0x3631</value>
         <object_component_ref idref="oc-3e1"/>
      </symbol>
      <symbol id="sm-7ec">
         <name>C$$IO$$</name>
         <value>0x35bb</value>
         <object_component_ref idref="oc-3db"/>
      </symbol>
      <symbol id="sm-7ed">
         <name>__CIOBUF_</name>
         <value>0x20000604</value>
         <object_component_ref idref="oc-40c"/>
      </symbol>
      <symbol id="sm-7ee">
         <name>__TI_writemsg</name>
         <value>0x358d</value>
         <object_component_ref idref="oc-3db"/>
      </symbol>
      <symbol id="sm-7ff">
         <name>lseek</name>
         <value>0x374d</value>
         <object_component_ref idref="oc-331"/>
      </symbol>
      <symbol id="sm-814">
         <name>__TI_closefile</name>
         <value>0x2c89</value>
         <object_component_ref idref="oc-382"/>
      </symbol>
      <symbol id="sm-837">
         <name>finddevice</name>
         <value>0x3699</value>
         <object_component_ref idref="oc-42a"/>
      </symbol>
      <symbol id="sm-838">
         <name>getdevice</name>
         <value>0x3509</value>
         <object_component_ref idref="oc-402"/>
      </symbol>
      <symbol id="sm-847">
         <name>strcmp</name>
         <value>0x382b</value>
         <object_component_ref idref="oc-441"/>
      </symbol>
      <symbol id="sm-855">
         <name>strcpy</name>
         <value>0x3859</value>
         <object_component_ref idref="oc-3f5"/>
      </symbol>
      <symbol id="sm-865">
         <name>strncpy</name>
         <value>0x35c5</value>
         <object_component_ref idref="oc-424"/>
      </symbol>
      <symbol id="sm-87a">
         <name>close</name>
         <value>0x310d</value>
         <object_component_ref idref="oc-3ca"/>
      </symbol>
      <symbol id="sm-88a">
         <name>unlink</name>
         <value>0x36f9</value>
         <object_component_ref idref="oc-3d0"/>
      </symbol>
      <symbol id="sm-88b">
         <name>__TI_static_base__</name>
         <value>0x0</value>
      </symbol>
      <symbol id="sm-88e">
         <name>__mpu_init</name>
         <value>0x0</value>
      </symbol>
      <symbol id="sm-88f">
         <name>_system_post_cinit</name>
         <value>0x0</value>
      </symbol>
      <symbol id="sm-890">
         <name>NMI_Handler</name>
         <value>0x38ad</value>
      </symbol>
      <symbol id="sm-891">
         <name>HardFault_Handler</name>
         <value>0x38ad</value>
      </symbol>
      <symbol id="sm-892">
         <name>MemManage_Handler</name>
         <value>0x38ad</value>
      </symbol>
      <symbol id="sm-893">
         <name>BusFault_Handler</name>
         <value>0x38ad</value>
      </symbol>
      <symbol id="sm-894">
         <name>UsageFault_Handler</name>
         <value>0x38ad</value>
      </symbol>
      <symbol id="sm-895">
         <name>SVC_Handler</name>
         <value>0x38ad</value>
      </symbol>
      <symbol id="sm-896">
         <name>DebugMon_Handler</name>
         <value>0x38ad</value>
      </symbol>
      <symbol id="sm-897">
         <name>PendSV_Handler</name>
         <value>0x38ad</value>
      </symbol>
      <symbol id="sm-898">
         <name>SysTick_Handler</name>
         <value>0x38ad</value>
      </symbol>
      <symbol id="sm-899">
         <name>PSS_IRQHandler</name>
         <value>0x38ad</value>
      </symbol>
      <symbol id="sm-89a">
         <name>CS_IRQHandler</name>
         <value>0x38ad</value>
      </symbol>
      <symbol id="sm-89b">
         <name>PCM_IRQHandler</name>
         <value>0x38ad</value>
      </symbol>
      <symbol id="sm-89c">
         <name>WDT_A_IRQHandler</name>
         <value>0x38ad</value>
      </symbol>
      <symbol id="sm-89d">
         <name>FPU_IRQHandler</name>
         <value>0x38ad</value>
      </symbol>
      <symbol id="sm-89e">
         <name>FLCTL_IRQHandler</name>
         <value>0x38ad</value>
      </symbol>
      <symbol id="sm-89f">
         <name>COMP_E0_IRQHandler</name>
         <value>0x38ad</value>
      </symbol>
      <symbol id="sm-8a0">
         <name>COMP_E1_IRQHandler</name>
         <value>0x38ad</value>
      </symbol>
      <symbol id="sm-8a1">
         <name>TA0_0_IRQHandler</name>
         <value>0x38ad</value>
      </symbol>
      <symbol id="sm-8a2">
         <name>TA0_N_IRQHandler</name>
         <value>0x38ad</value>
      </symbol>
      <symbol id="sm-8a3">
         <name>TA1_0_IRQHandler</name>
         <value>0x38ad</value>
      </symbol>
      <symbol id="sm-8a4">
         <name>TA1_N_IRQHandler</name>
         <value>0x38ad</value>
      </symbol>
      <symbol id="sm-8a5">
         <name>TA2_0_IRQHandler</name>
         <value>0xdfb</value>
      </symbol>
      <symbol id="sm-8a6">
         <name>TA2_N_IRQHandler</name>
         <value>0x38ad</value>
      </symbol>
      <symbol id="sm-8a7">
         <name>TA3_0_IRQHandler</name>
         <value>0xe87</value>
      </symbol>
      <symbol id="sm-8a8">
         <name>TA3_N_IRQHandler</name>
         <value>0xeb5</value>
      </symbol>
      <symbol id="sm-8a9">
         <name>EUSCIA0_IRQHandler</name>
         <value>0x38ad</value>
      </symbol>
      <symbol id="sm-8aa">
         <name>EUSCIA1_IRQHandler</name>
         <value>0x38ad</value>
      </symbol>
      <symbol id="sm-8ab">
         <name>EUSCIA2_IRQHandler</name>
         <value>0x38ad</value>
      </symbol>
      <symbol id="sm-8ac">
         <name>EUSCIA3_IRQHandler</name>
         <value>0x38ad</value>
      </symbol>
      <symbol id="sm-8ad">
         <name>EUSCIB0_IRQHandler</name>
         <value>0x38ad</value>
      </symbol>
      <symbol id="sm-8ae">
         <name>EUSCIB1_IRQHandler</name>
         <value>0x38ad</value>
      </symbol>
      <symbol id="sm-8af">
         <name>EUSCIB2_IRQHandler</name>
         <value>0x38ad</value>
      </symbol>
      <symbol id="sm-8b0">
         <name>EUSCIB3_IRQHandler</name>
         <value>0x38ad</value>
      </symbol>
      <symbol id="sm-8b1">
         <name>ADC14_IRQHandler</name>
         <value>0x38ad</value>
      </symbol>
      <symbol id="sm-8b2">
         <name>T32_INT1_IRQHandler</name>
         <value>0x38ad</value>
      </symbol>
      <symbol id="sm-8b3">
         <name>T32_INT2_IRQHandler</name>
         <value>0x38ad</value>
      </symbol>
      <symbol id="sm-8b4">
         <name>T32_INTC_IRQHandler</name>
         <value>0x38ad</value>
      </symbol>
      <symbol id="sm-8b5">
         <name>AES256_IRQHandler</name>
         <value>0x38ad</value>
      </symbol>
      <symbol id="sm-8b6">
         <name>RTC_C_IRQHandler</name>
         <value>0x38ad</value>
      </symbol>
      <symbol id="sm-8b7">
         <name>DMA_ERR_IRQHandler</name>
         <value>0x38ad</value>
      </symbol>
      <symbol id="sm-8b8">
         <name>DMA_INT3_IRQHandler</name>
         <value>0x38ad</value>
      </symbol>
      <symbol id="sm-8b9">
         <name>DMA_INT2_IRQHandler</name>
         <value>0x38ad</value>
      </symbol>
      <symbol id="sm-8ba">
         <name>DMA_INT1_IRQHandler</name>
         <value>0x38ad</value>
      </symbol>
      <symbol id="sm-8bb">
         <name>DMA_INT0_IRQHandler</name>
         <value>0x38ad</value>
      </symbol>
      <symbol id="sm-8bc">
         <name>PORT1_IRQHandler</name>
         <value>0x38ad</value>
      </symbol>
      <symbol id="sm-8bd">
         <name>PORT2_IRQHandler</name>
         <value>0x38ad</value>
      </symbol>
      <symbol id="sm-8be">
         <name>PORT3_IRQHandler</name>
         <value>0x38ad</value>
      </symbol>
      <symbol id="sm-8bf">
         <name>PORT4_IRQHandler</name>
         <value>0x38ad</value>
      </symbol>
      <symbol id="sm-8c0">
         <name>PORT5_IRQHandler</name>
         <value>0x38ad</value>
      </symbol>
      <symbol id="sm-8c1">
         <name>PORT6_IRQHandler</name>
         <value>0x38ad</value>
      </symbol>
      <symbol id="sm-8c2">
         <name>remove</name>
         <value>0x36f9</value>
      </symbol>
   </symbol_table>
   <title>Link successful</title>
</link_info>
