******************************************************************************
                  TI ARM Linker PC v20.2.6                     
******************************************************************************
>> Linked Thu Jun  1 21:28:14 2023

OUTPUT FILE NAME:   <EmbeddedProject.out>
ENTRY POINT SYMBOL: "_c_int00_noargs"  address: 00003665


MEMORY CONFIGURATION

         name            origin    length      used     unused   attr    fill
----------------------  --------  ---------  --------  --------  ----  --------
  MAIN                  00000000   00040000  00003a61  0003c59f  R  X
  INFO                  00200000   00004000  00000000  00004000  R  X
  SRAM_CODE             01000000   00010000  000009fa  0000f606  RW X
  SRAM_DATA             20000000   00010000  000009fa  0000f606  RW  


SEGMENT ALLOCATION MAP

run origin  load origin   length   init length attrs members
----------  ----------- ---------- ----------- ----- -------
00000000    00000000    00003a68   00003a68    r-x
  00000000    00000000    000000e4   000000e4    r-- .intvecs
  000000e4    000000e4    000037ec   000037ec    r-x .text
  000038d0    000038d0    00000101   00000101    r-- .const
  000039d8    000039d8    00000090   00000090    r-- .cinit
20000000    20000000    000007fa   00000000    rw-
  20000000    20000000    00000400   00000000    rw- .sysmem
  20000400    20000400    00000204   00000000    rw- .data
  20000604    20000604    000001f6   00000000    rw- .bss
2000fe00    2000fe00    00000200   00000000    rw-
  2000fe00    2000fe00    00000200   00000000    rw- .stack


SECTION ALLOCATION MAP

 output                                  attributes/
section   page    origin      length       input sections
--------  ----  ----------  ----------   ----------------
.intvecs   0    00000000    000000e4     
                  00000000    000000e4     startup_msp432p401r_ccs.obj (.intvecs:retain)

.text      0    000000e4    000037ec     
                  000000e4    00000a4e     rtsv7M4_T_le_v4SPD16_eabi.lib : _printfi.c.obj (.text:__TI_printfi)
                  00000b32    00000002                                   : _lock.c.obj (.text:_nop)
                  00000b34    000008d8     main.obj (.text)
                  0000140c    00000334     system_msp432p401r.obj (.text)
                  00001740    00000270     rtsv7M4_T_le_v4SPD16_eabi.lib : _printfi.c.obj (.text:_pconv_a)
                  000019b0    000001e0     Clock.obj (.text)
                  00001b90    000001d0     rtsv7M4_T_le_v4SPD16_eabi.lib : _printfi.c.obj (.text:_pconv_g)
                  00001d60    000001b6                                   : fd_add_t2.asm.obj (.text)
                  00001f16    00000002                                   : div0.asm.obj (.text)
                  00001f18    0000013c                                   : _printfi.c.obj (.text:_pconv_e)
                  00002054    00000136                                   : fd_div_t2.asm.obj (.text)
                  0000218a    00000002     --HOLE-- [fill = 0]
                  0000218c    00000124                                   : _printfi.c.obj (.text:fcvt)
                  000022b0    00000114                                   : fputs.c.obj (.text:fputs)
                  000023c4    00000110                                   : s_scalbn.c.obj (.text:scalbn)
                  000024d4    00000100                                   : memory.c.obj (.text:aligned_alloc)
                  000025d4    000000fc                                   : fd_mul_t2.asm.obj (.text)
                  000026d0    000000e4                                   : memory.c.obj (.text:free)
                  000027b4    000000dc                                   : setvbuf.c.obj (.text:setvbuf)
                  00002890    000000b1                                   : _printfi.c.obj (.text:_ltostr)
                  00002941    00000001     --HOLE-- [fill = 0]
                  00002942    0000009c                                   : memcpy_t2.asm.obj (.text)
                  000029de    00000096                                   : ull_div_t2.asm.obj (.text)
                  00002a74    0000008c                                   : fputc.c.obj (.text:fputc)
                  00002b00    00000086                                   : fd_cmp_t2.asm.obj (.text:__aeabi_cdcmple)
                  00002b86    00000086                                   : fd_cmp_t2.asm.obj (.text:__aeabi_cdrcmple)
                  00002c0c    0000007a                                   : memset_t2.asm.obj (.text)
                  00002c86    00000002     --HOLE-- [fill = 0]
                  00002c88    00000074                                   : fclose.c.obj (.text:__TI_closefile)
                  00002cfc    00000070                                   : memory.c.obj (.text:split)
                  00002d6c    0000006e                                   : _printfi.c.obj (.text:_mcpy)
                  00002dda    00000002     --HOLE-- [fill = 0]
                  00002ddc    0000006c                                   : hostrename.c.obj (.text:HOSTrename)
                  00002e48    00000068                                   : hostlseek.c.obj (.text:HOSTlseek)
                  00002eb0    00000068                                   : copy_decompress_lzss.c.obj (.text:decompress:lzss:__TI_decompress_lzss)
                  00002f18    00000068                                   : printf.c.obj (.text:printf)
                  00002f80    00000064                                   : s_frexp.c.obj (.text:frexp)
                  00002fe4    00000064                                   : fseek.c.obj (.text:fseek)
                  00003048    00000062                                   : _io_perm.c.obj (.text:__TI_wrt_ok)
                  000030aa    00000002     --HOLE-- [fill = 0]
                  000030ac    00000060                                   : hostopen.c.obj (.text:HOSTopen)
                  0000310c    0000005c                                   : close.c.obj (.text:close)
                  00003168    00000058                                   : hostread.c.obj (.text:HOSTread)
                  000031c0    00000058                                   : hostwrite.c.obj (.text:HOSTwrite)
                  00003218    00000056                                   : _printfi.c.obj (.text:_pconv_f)
                  0000326e    00000054                                   : _ltoa.c.obj (.text:__TI_ltoa)
                  000032c2    00000052                                   : _printfi.c.obj (.text:_ecpy)
                  00003314    0000004c                                   : fflush.c.obj (.text:__TI_doflush)
                  00003360    0000004c                                   : atoi.c.obj (.text:atoi)
                  000033ac    00000048                                   : exit.c.obj (.text:exit)
                  000033f4    00000048                                   : fd_toi_t2.asm.obj (.text)
                  0000343c    00000044                                   : hostclose.c.obj (.text:HOSTclose)
                  00003480    00000044                                   : hostunlink.c.obj (.text:HOSTunlink)
                  000034c4    00000044                                   : autoinit.c.obj (.text:__TI_auto_init_nobinit_nopinit:__TI_auto_init_nobinit_nopinit)
                  00003508    00000044                                   : getdevice.c.obj (.text:getdevice)
                  0000354c    0000003e                                   : _printfi.c.obj (.text:_fcpy)
                  0000358a    00000002     --HOLE-- [fill = 0]
                  0000358c    00000038                                   : trgmsg.c.obj (.text:__TI_writemsg)
                  000035c4    00000036                                   : strncpy.c.obj (.text:strncpy)
                  000035fa    00000002     --HOLE-- [fill = 0]
                  000035fc    00000034                                   : fopen.c.obj (.text:__TI_cleanup)
                  00003630    00000034                                   : trgmsg.c.obj (.text:__TI_readmsg)
                  00003664    00000034                                   : boot_cortex_m.c.obj (.text:_c_int00_noargs:_c_int00_noargs)
                  00003698    00000030                                   : getdevice.c.obj (.text:finddevice)
                  000036c8    0000002e                                   : i_tofd_t2.asm.obj (.text)
                  000036f6    00000002     --HOLE-- [fill = 0]
                  000036f8    0000002c                                   : unlink.c.obj (.text:unlink)
                  00003724    00000028                                   : memory.c.obj (.text:free_list_insert)
                  0000374c    00000028                                   : lseek.c.obj (.text:lseek)
                  00003774    00000028                                   : write.c.obj (.text:write)
                  0000379c    00000020                                   : memchr.c.obj (.text:memchr)
                  000037bc    0000001c                                   : copy_zero_init.c.obj (.text:decompress:ZI:__TI_zero_init_nomemset:__TI_zero_init_nomemset)
                  000037d8    0000001c                                   : memory.c.obj (.text:free_list_remove)
                  000037f4    0000001c                                   : memccpy.c.obj (.text:memccpy)
                  00003810    0000001a                                   : s_copysign.c.obj (.text:copysign)
                  0000382a    00000018                                   : strcmp.c.obj (.text:strcmp)
                  00003842    00000016                                   : strchr.c.obj (.text:strchr)
                  00003858    00000014                                   : strcpy.c.obj (.text:strcpy)
                  0000386c    00000014                                   : strlen.c.obj (.text:strlen)
                  00003880    00000012                                   : wcslen.c.obj (.text:wcslen)
                  00003892    0000000e                                   : copy_decompress_none.c.obj (.text:decompress:none:__TI_decompress_none)
                  000038a0    0000000e     startup_msp432p401r_ccs.obj (.text)
                  000038ae    00000002     --HOLE-- [fill = 0]
                  000038b0    00000008     rtsv7M4_T_le_v4SPD16_eabi.lib : errno.c.obj (.text:__aeabi_errno_addr)
                  000038b8    00000008                                   : memory.c.obj (.text:malloc)
                  000038c0    00000004                                   : printf.c.obj (.text:_outc)
                  000038c4    00000004                                   : printf.c.obj (.text:_outs)
                  000038c8    00000004                                   : pre_init.c.obj (.text:_system_pre_init)
                  000038cc    00000004                                   : exit.c.obj (.text:abort:abort)

.const     0    000038d0    00000101     
                  000038d0    00000101     rtsv7M4_T_le_v4SPD16_eabi.lib : ctype.c.obj (.const:.string:_ctypes_)

.cinit     0    000039d8    00000090     
                  000039d8    0000006c     (.cinit..data.load) [load image, compression = lzss]
                  00003a44    0000000c     (__TI_handler_table)
                  00003a50    00000008     (.cinit..bss.load) [load image, compression = zero_init]
                  00003a58    00000010     (__TI_cinit_table)

.init_array 
*          0    00000000    00000000     UNINITIALIZED

.binit     0    00000000    00000000     

.sysmem    0    20000000    00000400     UNINITIALIZED
                  20000000    00000010     rtsv7M4_T_le_v4SPD16_eabi.lib : memory.c.obj (.sysmem)
                  20000010    000003f0     --HOLE--

.data      0    20000400    00000204     UNINITIALIZED
                  20000400    000000f0     rtsv7M4_T_le_v4SPD16_eabi.lib : defs.c.obj (.data:_ftable)
                  200004f0    00000078                                   : host_device.c.obj (.data:_device)
                  20000568    00000050                                   : host_device.c.obj (.data:_stream)
                  200005b8    00000018     Clock.obj (.data)
                  200005d0    00000010     rtsv7M4_T_le_v4SPD16_eabi.lib : defs.c.obj (.data)
                  200005e0    0000000c                                   : exit.c.obj (.data:$O1$$)
                  200005ec    00000008                                   : _lock.c.obj (.data:$O1$$)
                  200005f4    00000008                                   : memory.c.obj (.data:$O1$$)
                  200005fc    00000004                                   : errno.c.obj (.data)
                  20000600    00000004     system_msp432p401r.obj (.data)

.bss       0    20000604    000001f6     UNINITIALIZED
                  20000604    00000120     rtsv7M4_T_le_v4SPD16_eabi.lib : trgmsg.c.obj (.bss:_CIOBUF_)
                  20000724    000000a0     (.common:__TI_tmpnams)
                  200007c4    00000008     (.common:parmbuf)
                  200007cc    00000004     (.common:TimerA2Task)
                  200007d0    00000004     (.common:left_count)
                  200007d4    00000004     (.common:sensor1)
                  200007d8    00000004     (.common:sensor2)
                  200007dc    00000004     (.common:sensor3)
                  200007e0    00000004     (.common:sensor4)
                  200007e4    00000004     (.common:sensor5)
                  200007e8    00000004     (.common:sensor6)
                  200007ec    00000004     (.common:sensor7)
                  200007f0    00000004     (.common:sensor8)
                  200007f4    00000002     (.common:first_right)
                  200007f6    00000002     (.common:period_left)
                  200007f8    00000002     (.common:period_right)

.stack     0    2000fe00    00000200     UNINITIALIZED
                  2000fe00    00000004     rtsv7M4_T_le_v4SPD16_eabi.lib : boot_cortex_m.c.obj (.stack)
                  2000fe04    000001fc     --HOLE--

__llvm_prf_cnts 
*          0    20000000    00000000     UNINITIALIZED

MODULE SUMMARY

       Module                        code    ro data   rw data
       ------                        ----    -------   -------
    .\
       main.obj                      2264    0         92     
       system_msp432p401r.obj        820     0         8      
       Clock.obj                     480     0         48     
       startup_msp432p401r_ccs.obj   14      228       0      
    +--+-----------------------------+-------+---------+---------+
       Total:                        3578    228       148    
                                                              
    C:\ti\ccs1200\ccs\tools\compiler\ti-cgt-arm_20.2.6.LTS\lib\rtsv7M4_T_le_v4SPD16_eabi.lib
       _printfi.c.obj                4851    0         0      
       defs.c.obj                    0       0         832    
       memory.c.obj                  672     0         16     
       trgmsg.c.obj                  108     0         576    
       fd_add_t2.asm.obj             438     0         0      
       host_device.c.obj             0       0         400    
       fd_div_t2.asm.obj             310     0         0      
       fputs.c.obj                   276     0         0      
       s_scalbn.c.obj                272     0         0      
       fd_cmp_t2.asm.obj             268     0         0      
       ctype.c.obj                   0       257       0      
       fd_mul_t2.asm.obj             252     0         0      
       setvbuf.c.obj                 220     0         0      
       memcpy_t2.asm.obj             156     0         0      
       ull_div_t2.asm.obj            150     0         0      
       fputc.c.obj                   140     0         0      
       memset_t2.asm.obj             122     0         0      
       fclose.c.obj                  116     0         0      
       getdevice.c.obj               116     0         0      
       hostopen.c.obj                96      0         16     
       printf.c.obj                  112     0         0      
       hostrename.c.obj              108     0         0      
       copy_decompress_lzss.c.obj    104     0         0      
       hostlseek.c.obj               104     0         0      
       exit.c.obj                    76      0         24     
       fseek.c.obj                   100     0         0      
       s_frexp.c.obj                 100     0         0      
       _io_perm.c.obj                98      0         0      
       close.c.obj                   92      0         0      
       hostread.c.obj                88      0         0      
       hostwrite.c.obj               88      0         0      
       _ltoa.c.obj                   84      0         0      
       atoi.c.obj                    76      0         0      
       fflush.c.obj                  76      0         0      
       fd_toi_t2.asm.obj             72      0         0      
       autoinit.c.obj                68      0         0      
       hostclose.c.obj               68      0         0      
       hostunlink.c.obj              68      0         0      
       strncpy.c.obj                 54      0         0      
       boot_cortex_m.c.obj           52      0         0      
       fopen.c.obj                   52      0         0      
       i_tofd_t2.asm.obj             46      0         0      
       unlink.c.obj                  44      0         0      
       lseek.c.obj                   40      0         0      
       write.c.obj                   40      0         0      
       memchr.c.obj                  32      0         0      
       copy_zero_init.c.obj          28      0         0      
       memccpy.c.obj                 28      0         0      
       s_copysign.c.obj              26      0         0      
       strcmp.c.obj                  24      0         0      
       strchr.c.obj                  22      0         0      
       strcpy.c.obj                  20      0         0      
       strlen.c.obj                  20      0         0      
       _lock.c.obj                   2       0         16     
       wcslen.c.obj                  18      0         0      
       errno.c.obj                   8       0         8      
       copy_decompress_none.c.obj    14      0         0      
       pre_init.c.obj                4       0         0      
       div0.asm.obj                  2       0         0      
    +--+-----------------------------+-------+---------+---------+
       Total:                        10721   257       1888   
                                                              
       Heap:                         0       0         2048   
       Stack:                        0       0         1024   
       Linker Generated:             0       144       0      
    +--+-----------------------------+-------+---------+---------+
       Grand Total:                  14299   629       5108   


LINKER GENERATED COPY TABLES

__TI_cinit_table @ 00003a58 records: 2, size/record: 8, table size: 16
	.data: load addr=000039d8, load size=0000006c bytes, run addr=20000400, run size=00000204 bytes, compression=lzss
	.bss: load addr=00003a50, load size=00000008 bytes, run addr=20000604, run size=000001f6 bytes, compression=zero_init


LINKER GENERATED HANDLER TABLE

__TI_handler_table @ 00003a44 records: 3, size/record: 4, table size: 12
	index: 0, handler: __TI_decompress_lzss
	index: 1, handler: __TI_decompress_none
	index: 2, handler: __TI_zero_init


GLOBAL SYMBOLS: SORTED ALPHABETICALLY BY Name 

address   name                           
-------   ----                           
000038ad  ADC14_IRQHandler               
000038ad  AES256_IRQHandler              
000038ad  BusFault_Handler               
000038cd  C$$EXIT                        
000035bb  C$$IO$$                        
000038ad  COMP_E0_IRQHandler             
000038ad  COMP_E1_IRQHandler             
200005c0  CPMwait                        
000038ad  CS_IRQHandler                  
200005b8  ClockFrequency                 
00001b05  Clock_Delay1ms                 
00001adb  Clock_Delay1us                 
00001ac7  Clock_GetFreq                  
000019b1  Clock_Init48MHz                
200005cc  Crystalstable                  
000038ad  DMA_ERR_IRQHandler             
000038ad  DMA_INT0_IRQHandler            
000038ad  DMA_INT1_IRQHandler            
000038ad  DMA_INT2_IRQHandler            
000038ad  DMA_INT3_IRQHandler            
000038ad  DebugMon_Handler               
000038ad  Default_Handler                
000038ad  EUSCIA0_IRQHandler             
000038ad  EUSCIA1_IRQHandler             
000038ad  EUSCIA2_IRQHandler             
000038ad  EUSCIA3_IRQHandler             
000038ad  EUSCIB0_IRQHandler             
000038ad  EUSCIB1_IRQHandler             
000038ad  EUSCIB2_IRQHandler             
000038ad  EUSCIB3_IRQHandler             
000038ad  FLCTL_IRQHandler               
000038ad  FPU_IRQHandler                 
0000343d  HOSTclose                      
00002e49  HOSTlseek                      
000030ad  HOSTopen                       
00003169  HOSTread                       
00002ddd  HOSTrename                     
00003481  HOSTunlink                     
000031c1  HOSTwrite                      
000038ad  HardFault_Handler              
200005c8  IFlags                         
00000fa5  IR_LED_charge                  
000038ad  MemManage_Handler              
000038ad  NMI_Handler                    
000038ad  PCM_IRQHandler                 
000038ad  PORT1_IRQHandler               
000038ad  PORT2_IRQHandler               
000038ad  PORT3_IRQHandler               
000038ad  PORT4_IRQHandler               
000038ad  PORT5_IRQHandler               
000038ad  PORT6_IRQHandler               
000038ad  PSS_IRQHandler                 
000038ad  PendSV_Handler                 
200005c4  Postwait                       
200005bc  Prewait                        
000038ad  RTC_C_IRQHandler               
000038a1  Reset_Handler                  
000038ad  SVC_Handler                    
000038ad  SysTick_Handler                
20000600  SystemCoreClock                
0000140d  SystemCoreClockUpdate          
00001685  SystemInit                     
000038ad  T32_INT1_IRQHandler            
000038ad  T32_INT2_IRQHandler            
000038ad  T32_INTC_IRQHandler            
000038ad  TA0_0_IRQHandler               
000038ad  TA0_N_IRQHandler               
000038ad  TA1_0_IRQHandler               
000038ad  TA1_N_IRQHandler               
00000dfb  TA2_0_IRQHandler               
00000dfb  TA2_0_IRQHandler               
000038ad  TA2_N_IRQHandler               
00000e87  TA3_0_IRQHandler               
00000e87  TA3_0_IRQHandler               
00000eb5  TA3_N_IRQHandler               
00000eb5  TA3_N_IRQHandler               
200007cc  TimerA2Task                    
00000da7  TimerA2_Init                   
000038ad  UsageFault_Handler             
4000480c  WDTCTL_SYM                     
000038ad  WDT_A_IRQHandler               
20000604  __CIOBUF_                      
20010000  __STACK_END                    
00000200  __STACK_SIZE                   
00000400  __SYSMEM_SIZE                  
00003a58  __TI_CINIT_Base                
00003a68  __TI_CINIT_Limit               
00003a44  __TI_Handler_Table_Base        
00003a50  __TI_Handler_Table_Limit       
000034c5  __TI_auto_init_nobinit_nopinit 
000035fd  __TI_cleanup                   
200005e0  __TI_cleanup_ptr               
00002c89  __TI_closefile                 
00002eb1  __TI_decompress_lzss           
00003893  __TI_decompress_none           
00003315  __TI_doflush                   
200005e4  __TI_dtors_ptr                 
200005e8  __TI_enable_exit_profile_output
200005d0  __TI_ft_end                    
0000326f  __TI_ltoa                      
ffffffff  __TI_pprof_out_hndl            
000000e5  __TI_printfi                   
ffffffff  __TI_prof_data_size            
ffffffff  __TI_prof_data_start           
00003631  __TI_readmsg                   
00000000  __TI_static_base__             
20000724  __TI_tmpnams                   
0000358d  __TI_writemsg                  
00003049  __TI_wrt_ok                    
000037bd  __TI_zero_init_nomemset        
00002b01  __aeabi_cdcmpeq                
00002b01  __aeabi_cdcmple                
00002b87  __aeabi_cdrcmple               
000033f5  __aeabi_d2iz                   
00001d6b  __aeabi_dadd                   
00002055  __aeabi_ddiv                   
000025d5  __aeabi_dmul                   
00001d61  __aeabi_dsub                   
000038b1  __aeabi_errno_addr             
000036c9  __aeabi_i2d                    
00001f17  __aeabi_idiv0                  
00001f17  __aeabi_ldiv0                  
00002c0d  __aeabi_memclr                 
00002c0d  __aeabi_memclr4                
00002c0d  __aeabi_memclr8                
00002943  __aeabi_memcpy                 
00002943  __aeabi_memcpy4                
00002943  __aeabi_memcpy8                
00002c0f  __aeabi_memset                 
00002c0f  __aeabi_memset4                
00002c0f  __aeabi_memset8                
200005dc  __aeabi_stderr                 
200005d4  __aeabi_stdin                  
200005d8  __aeabi_stdout                 
000029df  __aeabi_uldivmod               
ffffffff  __binit__                      
ffffffff  __c_args__                     
UNDEFED   __mpu_init                     
2000fe00  __stack                        
20000000  __start___llvm_prf_cnts        
20000000  __stop___llvm_prf_cnts         
00003665  _c_int00_noargs                
000038d0  _ctypes_                       
200004f0  _device                        
20000400  _ftable                        
200005ec  _lock                          
00000b33  _nop                           
20000568  _stream                        
20000000  _sys_memory                    
UNDEFED   _system_post_cinit             
000038c9  _system_pre_init               
200005f0  _unlock                        
000038cd  abort                          
000024d5  aligned_alloc                  
00003361  atoi                           
ffffffff  binit                          
0000310d  close                          
00003811  copysign                       
00003811  copysignl                      
00001acd  delay                          
200005fc  errno                          
000033ad  exit                           
00003699  finddevice                     
200007f4  first_right                    
00002a75  fputc                          
000022b1  fputs                          
000026d1  free                           
00002f81  frexp                          
00002f81  frexpl                         
00002fe5  fseek                          
00000ea9  get_left_rpm                   
00003509  getdevice                      
00000000  interruptVectors               
000023c5  ldexp                          
000023c5  ldexpl                         
00000b35  led_init                       
00000d83  left_backward                  
200007d0  left_count                     
00000d77  left_forward                   
00000f31  little_bit_backward            
00000ee5  little_bit_forward             
0000374d  lseek                          
000010bd  main                           
000038b9  malloc                         
000024d5  memalign                       
000037f5  memccpy                        
0000379d  memchr                         
00002943  memcpy                         
00002c15  memset                         
00000cc5  motor_init                     
00000d4d  move                           
200007c4  parmbuf                        
200007f6  period_left                    
200007f8  period_right                   
00002f19  printf                         
00002a75  putc                           
00000c5f  pwm_init34                     
000036f9  remove                         
00000d9b  right_backward                 
00000d8f  right_forward                  
000023c5  scalbn                         
000023c5  scalbnl                        
200007d4  sensor1                        
200007d8  sensor2                        
200007dc  sensor3                        
200007e0  sensor4                        
200007e4  sensor5                        
200007e8  sensor6                        
200007ec  sensor7                        
200007f0  sensor8                        
00000bef  sensor_init                    
000027b5  setvbuf                        
00003843  strchr                         
0000382b  strcmp                         
00003859  strcpy                         
0000386d  strlen                         
000035c5  strncpy                        
00000b6b  switch_init                    
00000b9f  systick_init                   
00000baf  systick_wait1ms                
00000bc7  systick_wait1s                 
00000e0f  task                           
00000e19  timer_A3_capture_init          
00000b5f  turn_off_led                   
000036f9  unlink                         
00003881  wcslen                         
00003775  write                          


GLOBAL SYMBOLS: SORTED BY Symbol Address 

address   name                           
-------   ----                           
00000000  __TI_static_base__             
00000000  interruptVectors               
000000e5  __TI_printfi                   
00000200  __STACK_SIZE                   
00000400  __SYSMEM_SIZE                  
00000b33  _nop                           
00000b35  led_init                       
00000b5f  turn_off_led                   
00000b6b  switch_init                    
00000b9f  systick_init                   
00000baf  systick_wait1ms                
00000bc7  systick_wait1s                 
00000bef  sensor_init                    
00000c5f  pwm_init34                     
00000cc5  motor_init                     
00000d4d  move                           
00000d77  left_forward                   
00000d83  left_backward                  
00000d8f  right_forward                  
00000d9b  right_backward                 
00000da7  TimerA2_Init                   
00000dfb  TA2_0_IRQHandler               
00000dfb  TA2_0_IRQHandler               
00000e0f  task                           
00000e19  timer_A3_capture_init          
00000e87  TA3_0_IRQHandler               
00000e87  TA3_0_IRQHandler               
00000ea9  get_left_rpm                   
00000eb5  TA3_N_IRQHandler               
00000eb5  TA3_N_IRQHandler               
00000ee5  little_bit_forward             
00000f31  little_bit_backward            
00000fa5  IR_LED_charge                  
000010bd  main                           
0000140d  SystemCoreClockUpdate          
00001685  SystemInit                     
000019b1  Clock_Init48MHz                
00001ac7  Clock_GetFreq                  
00001acd  delay                          
00001adb  Clock_Delay1us                 
00001b05  Clock_Delay1ms                 
00001d61  __aeabi_dsub                   
00001d6b  __aeabi_dadd                   
00001f17  __aeabi_idiv0                  
00001f17  __aeabi_ldiv0                  
00002055  __aeabi_ddiv                   
000022b1  fputs                          
000023c5  ldexp                          
000023c5  ldexpl                         
000023c5  scalbn                         
000023c5  scalbnl                        
000024d5  aligned_alloc                  
000024d5  memalign                       
000025d5  __aeabi_dmul                   
000026d1  free                           
000027b5  setvbuf                        
00002943  __aeabi_memcpy                 
00002943  __aeabi_memcpy4                
00002943  __aeabi_memcpy8                
00002943  memcpy                         
000029df  __aeabi_uldivmod               
00002a75  fputc                          
00002a75  putc                           
00002b01  __aeabi_cdcmpeq                
00002b01  __aeabi_cdcmple                
00002b87  __aeabi_cdrcmple               
00002c0d  __aeabi_memclr                 
00002c0d  __aeabi_memclr4                
00002c0d  __aeabi_memclr8                
00002c0f  __aeabi_memset                 
00002c0f  __aeabi_memset4                
00002c0f  __aeabi_memset8                
00002c15  memset                         
00002c89  __TI_closefile                 
00002ddd  HOSTrename                     
00002e49  HOSTlseek                      
00002eb1  __TI_decompress_lzss           
00002f19  printf                         
00002f81  frexp                          
00002f81  frexpl                         
00002fe5  fseek                          
00003049  __TI_wrt_ok                    
000030ad  HOSTopen                       
0000310d  close                          
00003169  HOSTread                       
000031c1  HOSTwrite                      
0000326f  __TI_ltoa                      
00003315  __TI_doflush                   
00003361  atoi                           
000033ad  exit                           
000033f5  __aeabi_d2iz                   
0000343d  HOSTclose                      
00003481  HOSTunlink                     
000034c5  __TI_auto_init_nobinit_nopinit 
00003509  getdevice                      
0000358d  __TI_writemsg                  
000035bb  C$$IO$$                        
000035c5  strncpy                        
000035fd  __TI_cleanup                   
00003631  __TI_readmsg                   
00003665  _c_int00_noargs                
00003699  finddevice                     
000036c9  __aeabi_i2d                    
000036f9  remove                         
000036f9  unlink                         
0000374d  lseek                          
00003775  write                          
0000379d  memchr                         
000037bd  __TI_zero_init_nomemset        
000037f5  memccpy                        
00003811  copysign                       
00003811  copysignl                      
0000382b  strcmp                         
00003843  strchr                         
00003859  strcpy                         
0000386d  strlen                         
00003881  wcslen                         
00003893  __TI_decompress_none           
000038a1  Reset_Handler                  
000038ad  ADC14_IRQHandler               
000038ad  AES256_IRQHandler              
000038ad  BusFault_Handler               
000038ad  COMP_E0_IRQHandler             
000038ad  COMP_E1_IRQHandler             
000038ad  CS_IRQHandler                  
000038ad  DMA_ERR_IRQHandler             
000038ad  DMA_INT0_IRQHandler            
000038ad  DMA_INT1_IRQHandler            
000038ad  DMA_INT2_IRQHandler            
000038ad  DMA_INT3_IRQHandler            
000038ad  DebugMon_Handler               
000038ad  Default_Handler                
000038ad  EUSCIA0_IRQHandler             
000038ad  EUSCIA1_IRQHandler             
000038ad  EUSCIA2_IRQHandler             
000038ad  EUSCIA3_IRQHandler             
000038ad  EUSCIB0_IRQHandler             
000038ad  EUSCIB1_IRQHandler             
000038ad  EUSCIB2_IRQHandler             
000038ad  EUSCIB3_IRQHandler             
000038ad  FLCTL_IRQHandler               
000038ad  FPU_IRQHandler                 
000038ad  HardFault_Handler              
000038ad  MemManage_Handler              
000038ad  NMI_Handler                    
000038ad  PCM_IRQHandler                 
000038ad  PORT1_IRQHandler               
000038ad  PORT2_IRQHandler               
000038ad  PORT3_IRQHandler               
000038ad  PORT4_IRQHandler               
000038ad  PORT5_IRQHandler               
000038ad  PORT6_IRQHandler               
000038ad  PSS_IRQHandler                 
000038ad  PendSV_Handler                 
000038ad  RTC_C_IRQHandler               
000038ad  SVC_Handler                    
000038ad  SysTick_Handler                
000038ad  T32_INT1_IRQHandler            
000038ad  T32_INT2_IRQHandler            
000038ad  T32_INTC_IRQHandler            
000038ad  TA0_0_IRQHandler               
000038ad  TA0_N_IRQHandler               
000038ad  TA1_0_IRQHandler               
000038ad  TA1_N_IRQHandler               
000038ad  TA2_N_IRQHandler               
000038ad  UsageFault_Handler             
000038ad  WDT_A_IRQHandler               
000038b1  __aeabi_errno_addr             
000038b9  malloc                         
000038c9  _system_pre_init               
000038cd  C$$EXIT                        
000038cd  abort                          
000038d0  _ctypes_                       
00003a44  __TI_Handler_Table_Base        
00003a50  __TI_Handler_Table_Limit       
00003a58  __TI_CINIT_Base                
00003a68  __TI_CINIT_Limit               
20000000  __start___llvm_prf_cnts        
20000000  __stop___llvm_prf_cnts         
20000000  _sys_memory                    
20000400  _ftable                        
200004f0  _device                        
20000568  _stream                        
200005b8  ClockFrequency                 
200005bc  Prewait                        
200005c0  CPMwait                        
200005c4  Postwait                       
200005c8  IFlags                         
200005cc  Crystalstable                  
200005d0  __TI_ft_end                    
200005d4  __aeabi_stdin                  
200005d8  __aeabi_stdout                 
200005dc  __aeabi_stderr                 
200005e0  __TI_cleanup_ptr               
200005e4  __TI_dtors_ptr                 
200005e8  __TI_enable_exit_profile_output
200005ec  _lock                          
200005f0  _unlock                        
200005fc  errno                          
20000600  SystemCoreClock                
20000604  __CIOBUF_                      
20000724  __TI_tmpnams                   
200007c4  parmbuf                        
200007cc  TimerA2Task                    
200007d0  left_count                     
200007d4  sensor1                        
200007d8  sensor2                        
200007dc  sensor3                        
200007e0  sensor4                        
200007e4  sensor5                        
200007e8  sensor6                        
200007ec  sensor7                        
200007f0  sensor8                        
200007f4  first_right                    
200007f6  period_left                    
200007f8  period_right                   
2000fe00  __stack                        
20010000  __STACK_END                    
4000480c  WDTCTL_SYM                     
ffffffff  __TI_pprof_out_hndl            
ffffffff  __TI_prof_data_size            
ffffffff  __TI_prof_data_start           
ffffffff  __binit__                      
ffffffff  __c_args__                     
ffffffff  binit                          
UNDEFED   __mpu_init                     
UNDEFED   _system_post_cinit             

[227 symbols]
